#
# There is insufficient memory for the Java Runtime Environment to continue.
# Native memory allocation (malloc) failed to allocate 1411856 bytes. Error detail: Chunk::new
# Possible reasons:
#   The system is out of physical RAM or swap space
#   This process is running with CompressedOops enabled, and the Java Heap may be blocking the growth of the native heap
# Possible solutions:
#   Reduce memory load on the system
#   Increase physical memory or swap space
#   Check if swap backing store is full
#   Decrease Java heap size (-Xmx/-Xms)
#   Decrease number of Java threads
#   Decrease Java thread stack sizes (-Xss)
#   Set larger code cache with -XX:ReservedCodeCacheSize=
#   JVM is running with Unscaled Compressed Oops mode in which the Java heap is
#     placed in the first 4GB address space. The Java Heap base address is the
#     maximum limit for the native heap growth. Please use -XX:HeapBaseMinAddress
#     to set the Java Heap base and to place the Java Heap above 4GB virtual address.
# This output file may be truncated or incomplete.
#
#  Out of Memory Error (arena.cpp:168), pid=13092, tid=19128
#
# JRE version: OpenJDK Runtime Environment Temurin-21.0.7+6 (21.0.7+6) (build 21.0.7+6-LTS)
# Java VM: OpenJDK 64-Bit Server VM Temurin-21.0.7+6 (21.0.7+6-LTS, mixed mode, sharing, tiered, compressed oops, compressed class ptrs, parallel gc, windows-amd64)
# No core dump will be written. Minidumps are not enabled by default on client versions of Windows
#

---------------  S U M M A R Y ------------

Command Line: --add-modules=ALL-SYSTEM --add-opens=java.base/java.util=ALL-UNNAMED --add-opens=java.base/java.lang=ALL-UNNAMED --add-opens=java.base/sun.nio.fs=ALL-UNNAMED -Declipse.application=org.eclipse.jdt.ls.core.id1 -Dosgi.bundles.defaultStartLevel=4 -Declipse.product=org.eclipse.jdt.ls.core.product -Djava.import.generatesMetadataFilesAtProjectRoot=false -DDetectVMInstallationsJob.disabled=true -Dfile.encoding=utf8 -XX:+UseParallelGC -XX:GCTimeRatio=4 -XX:AdaptiveSizePolicyWeight=90 -Dsun.zip.disableMemoryMapping=true -Xmx2G -Xms100m -Xlog:disable -javaagent:c:\Users\fatta\.vscode\extensions\redhat.java-1.42.0-win32-x64\lombok\lombok-1.18.36.jar -XX:+HeapDumpOnOutOfMemoryError -XX:HeapDumpPath=c:\Users\fatta\AppData\Roaming\Code\User\workspaceStorage\6e9fd867fd24e49a0e2b21e295788904\redhat.java -Daether.dependencyCollector.impl=bf c:\Users\fatta\.vscode\extensions\redhat.java-1.42.0-win32-x64\server\plugins\org.eclipse.equinox.launcher_1.7.0.v20250424-1814.jar -configuration c:\Users\fatta\AppData\Roaming\Code\User\globalStorage\redhat.java\1.42.0\config_win -data c:\Users\fatta\AppData\Roaming\Code\User\workspaceStorage\6e9fd867fd24e49a0e2b21e295788904\redhat.java\jdt_ws --pipe=\\.\pipe\lsp-2bfcfcdcfcbb80426caf10b14277fc77-sock

Host: 13th Gen Intel(R) Core(TM) i5-13450HX, 16 cores, 19G,  Windows 11 , 64 bit Build 26100 (10.0.26100.3912)
Time: Sat May 17 08:49:22 2025 SE Asia Standard Time elapsed time: 3736.051346 seconds (0d 1h 2m 16s)

---------------  T H R E A D  ---------------

Current thread (0x0000027d22c3cca0):  JavaThread "C2 CompilerThread0" daemon [_thread_in_native, id=19128, stack(0x000000a0fc400000,0x000000a0fc500000) (1024K)]


Current CompileTask:
C2:3736051 28775   !   4       org.eclipse.jdt.internal.core.NameLookup::<init> (805 bytes)

Stack: [0x000000a0fc400000,0x000000a0fc500000]
Native frames: (J=compiled Java code, j=interpreted, Vv=VM code, C=native code)
V  [jvm.dll+0x6ce119]
V  [jvm.dll+0x8a84a1]
V  [jvm.dll+0x8aa9ce]
V  [jvm.dll+0x8ab0b3]
V  [jvm.dll+0x27f8a6]
V  [jvm.dll+0xc507d]
V  [jvm.dll+0xc55b3]
V  [jvm.dll+0x3b68f2]
V  [jvm.dll+0x382aa5]
V  [jvm.dll+0x381f0a]
V  [jvm.dll+0x247af0]
V  [jvm.dll+0x2470cf]
V  [jvm.dll+0x1c760e]
V  [jvm.dll+0x25695a]
V  [jvm.dll+0x254efa]
V  [jvm.dll+0x3f03f6]
V  [jvm.dll+0x851f6b]
V  [jvm.dll+0x6cc7dd]
C  [ucrtbase.dll+0x37b0]
C  [KERNEL32.DLL+0x2e8d7]
C  [ntdll.dll+0x9c5dc]


---------------  P R O C E S S  ---------------

Threads class SMR info:
_java_thread_list=0x0000027d7d891810, length=52, elements={
0x0000027d22b7f920, 0x0000027d22b2b190, 0x0000027d22b2d110, 0x0000027d22c28d00,
0x0000027d22c29a80, 0x0000027d22c2d0e0, 0x0000027d7b9258a0, 0x0000027d22c3cca0,
0x0000027d7b930780, 0x0000027d7bacbf00, 0x0000027d7d2a1a40, 0x0000027d7dd42460,
0x0000027d7bbe3d60, 0x0000027d7d9369c0, 0x0000027d7d932010, 0x0000027d7b9a8af0,
0x0000027d7d515a00, 0x0000027d7d7e4280, 0x0000027d7d7e3560, 0x0000027d7d7e4910,
0x0000027d7d7e2840, 0x0000027d7d7e2ed0, 0x0000027d0574a150, 0x0000027d0574a7e0,
0x0000027d05748da0, 0x0000027d05749430, 0x0000027d05748710, 0x0000027d05749ac0,
0x0000027d0574ae70, 0x0000027d057479f0, 0x0000027d0574b500, 0x0000027d05748080,
0x0000027d0574c220, 0x0000027d0574bb90, 0x0000027d0574c8b0, 0x0000027d0574cf40,
0x0000027d0574d5d0, 0x0000027d0574dc60, 0x0000027d0574e980, 0x0000027d0574f010,
0x0000027d089f58c0, 0x0000027d089f2ad0, 0x0000027d089f6c70, 0x0000027d089f7300,
0x0000027d044902c0, 0x0000027d089f65e0, 0x0000027d089f3e80, 0x0000027d089f86b0,
0x0000027d7fded2f0, 0x0000027d7fdee6a0, 0x0000027d7fdf00e0, 0x0000027d7fdecc60
}

Java Threads: ( => current thread )
  0x0000027d22b7f920 JavaThread "main"                              [_thread_blocked, id=19196, stack(0x000000a0fba00000,0x000000a0fbb00000) (1024K)]
  0x0000027d22b2b190 JavaThread "Reference Handler"          daemon [_thread_blocked, id=19308, stack(0x000000a0fbe00000,0x000000a0fbf00000) (1024K)]
  0x0000027d22b2d110 JavaThread "Finalizer"                  daemon [_thread_blocked, id=19216, stack(0x000000a0fbf00000,0x000000a0fc000000) (1024K)]
  0x0000027d22c28d00 JavaThread "Signal Dispatcher"          daemon [_thread_blocked, id=18748, stack(0x000000a0fc000000,0x000000a0fc100000) (1024K)]
  0x0000027d22c29a80 JavaThread "Attach Listener"            daemon [_thread_blocked, id=19312, stack(0x000000a0fc100000,0x000000a0fc200000) (1024K)]
  0x0000027d22c2d0e0 JavaThread "Service Thread"             daemon [_thread_blocked, id=10340, stack(0x000000a0fc200000,0x000000a0fc300000) (1024K)]
  0x0000027d7b9258a0 JavaThread "Monitor Deflation Thread"   daemon [_thread_blocked, id=19260, stack(0x000000a0fc300000,0x000000a0fc400000) (1024K)]
=>0x0000027d22c3cca0 JavaThread "C2 CompilerThread0"         daemon [_thread_in_native, id=19128, stack(0x000000a0fc400000,0x000000a0fc500000) (1024K)]
  0x0000027d7b930780 JavaThread "C1 CompilerThread0"         daemon [_thread_blocked, id=19212, stack(0x000000a0fc500000,0x000000a0fc600000) (1024K)]
  0x0000027d7bacbf00 JavaThread "Common-Cleaner"             daemon [_thread_blocked, id=13412, stack(0x000000a0fc700000,0x000000a0fc800000) (1024K)]
  0x0000027d7d2a1a40 JavaThread "Notification Thread"        daemon [_thread_blocked, id=19448, stack(0x000000a0fcb00000,0x000000a0fcc00000) (1024K)]
  0x0000027d7dd42460 JavaThread "Active Thread: Equinox Container: 6460f8ee-c7cb-4c1e-9586-1ec18638a676"        [_thread_blocked, id=19428, stack(0x000000a0fd500000,0x000000a0fd600000) (1024K)]
  0x0000027d7bbe3d60 JavaThread "Refresh Thread: Equinox Container: 6460f8ee-c7cb-4c1e-9586-1ec18638a676" daemon [_thread_blocked, id=11608, stack(0x000000a0fc800000,0x000000a0fc900000) (1024K)]
  0x0000027d7d9369c0 JavaThread "Framework Event Dispatcher: Equinox Container: 6460f8ee-c7cb-4c1e-9586-1ec18638a676" daemon [_thread_blocked, id=12528, stack(0x000000a0fc900000,0x000000a0fca00000) (1024K)]
  0x0000027d7d932010 JavaThread "Start Level: Equinox Container: 6460f8ee-c7cb-4c1e-9586-1ec18638a676" daemon [_thread_blocked, id=17556, stack(0x000000a0fca00000,0x000000a0fcb00000) (1024K)]
  0x0000027d7b9a8af0 JavaThread "Bundle File Closer"         daemon [_thread_blocked, id=18756, stack(0x000000a0fd700000,0x000000a0fd800000) (1024K)]
  0x0000027d7d515a00 JavaThread "SCR Component Actor"        daemon [_thread_blocked, id=1744, stack(0x000000a0fd800000,0x000000a0fd900000) (1024K)]
  0x0000027d7d7e4280 JavaThread "Worker-JM"                         [_thread_blocked, id=19008, stack(0x000000a0fdf00000,0x000000a0fe000000) (1024K)]
  0x0000027d7d7e3560 JavaThread "JNA Cleaner"                daemon [_thread_blocked, id=18808, stack(0x000000a0fe100000,0x000000a0fe200000) (1024K)]
  0x0000027d7d7e4910 JavaThread "Java indexing"              daemon [_thread_blocked, id=19016, stack(0x000000a0fe500000,0x000000a0fe600000) (1024K)]
  0x0000027d7d7e2840 JavaThread "Thread-2"                   daemon [_thread_in_native, id=19148, stack(0x000000a0fea00000,0x000000a0feb00000) (1024K)]
  0x0000027d7d7e2ed0 JavaThread "Thread-3"                   daemon [_thread_in_native, id=19144, stack(0x000000a0feb00000,0x000000a0fec00000) (1024K)]
  0x0000027d0574a150 JavaThread "Thread-4"                   daemon [_thread_in_native, id=19124, stack(0x000000a0fec00000,0x000000a0fed00000) (1024K)]
  0x0000027d0574a7e0 JavaThread "Thread-5"                   daemon [_thread_in_native, id=19140, stack(0x000000a0fed00000,0x000000a0fee00000) (1024K)]
  0x0000027d05748da0 JavaThread "Thread-6"                   daemon [_thread_in_native, id=19044, stack(0x000000a0fee00000,0x000000a0fef00000) (1024K)]
  0x0000027d05749430 JavaThread "Thread-7"                   daemon [_thread_in_native, id=19052, stack(0x000000a0fef00000,0x000000a0ff000000) (1024K)]
  0x0000027d05748710 JavaThread "Thread-8"                   daemon [_thread_in_native, id=13016, stack(0x000000a0ff000000,0x000000a0ff100000) (1024K)]
  0x0000027d05749ac0 JavaThread "Thread-9"                   daemon [_thread_in_native, id=13008, stack(0x000000a0ff100000,0x000000a0ff200000) (1024K)]
  0x0000027d0574ae70 JavaThread "Thread-10"                  daemon [_thread_in_native, id=4388, stack(0x000000a0ff200000,0x000000a0ff300000) (1024K)]
  0x0000027d057479f0 JavaThread "Thread-11"                  daemon [_thread_in_native, id=12972, stack(0x000000a0ff300000,0x000000a0ff400000) (1024K)]
  0x0000027d0574b500 JavaThread "Thread-12"                  daemon [_thread_in_native, id=12976, stack(0x000000a0ff400000,0x000000a0ff500000) (1024K)]
  0x0000027d05748080 JavaThread "Thread-13"                  daemon [_thread_in_native, id=8900, stack(0x000000a0ff500000,0x000000a0ff600000) (1024K)]
  0x0000027d0574c220 JavaThread "Thread-14"                  daemon [_thread_in_native, id=17636, stack(0x000000a0ff600000,0x000000a0ff700000) (1024K)]
  0x0000027d0574bb90 JavaThread "Thread-15"                  daemon [_thread_in_native, id=11912, stack(0x000000a0ff700000,0x000000a0ff800000) (1024K)]
  0x0000027d0574c8b0 JavaThread "Thread-16"                  daemon [_thread_in_native, id=2376, stack(0x000000a0ff800000,0x000000a0ff900000) (1024K)]
  0x0000027d0574cf40 JavaThread "Thread-17"                  daemon [_thread_in_native, id=6436, stack(0x000000a0ff900000,0x000000a0ffa00000) (1024K)]
  0x0000027d0574d5d0 JavaThread "Thread-18"                  daemon [_thread_in_native, id=2592, stack(0x000000a0ffa00000,0x000000a0ffb00000) (1024K)]
  0x0000027d0574dc60 JavaThread "pool-2-thread-1"                   [_thread_blocked, id=16776, stack(0x000000a0ffb00000,0x000000a0ffc00000) (1024K)]
  0x0000027d0574e980 JavaThread "WorkspaceEventsHandler"            [_thread_blocked, id=18920, stack(0x000000a080000000,0x000000a080100000) (1024K)]
  0x0000027d0574f010 JavaThread "pool-1-thread-1"                   [_thread_blocked, id=18904, stack(0x000000a080100000,0x000000a080200000) (1024K)]
  0x0000027d089f58c0 JavaThread "Cleaner-0"                  daemon [_thread_blocked, id=4064, stack(0x000000a081900000,0x000000a081a00000) (1024K)]
  0x0000027d089f2ad0 JavaThread "Java Debug Server"          daemon [_thread_in_native, id=9296, stack(0x000000a081300000,0x000000a081400000) (1024K)]
  0x0000027d089f6c70 JavaThread "RxSchedulerPurge-1"         daemon [_thread_blocked, id=5808, stack(0x000000a081600000,0x000000a081700000) (1024K)]
  0x0000027d089f7300 JavaThread "RxCachedWorkerPoolEvictor-1" daemon [_thread_blocked, id=16944, stack(0x000000a081700000,0x000000a081800000) (1024K)]
  0x0000027d044902c0 JavaThread "Worker-9"                          [_thread_blocked, id=21316, stack(0x000000a080200000,0x000000a080300000) (1024K)]
  0x0000027d089f65e0 JavaThread "Worker-16"                         [_thread_blocked, id=12988, stack(0x000000a080a00000,0x000000a080b00000) (1024K)]
  0x0000027d089f3e80 JavaThread "pool-4-thread-2"                   [_thread_in_native, id=19812, stack(0x000000a080f00000,0x000000a081000000) (1024K)]
  0x0000027d089f86b0 JavaThread "RxNewThreadScheduler-3"     daemon [_thread_blocked, id=21732, stack(0x000000a081100000,0x000000a081200000) (1024K)]
  0x0000027d7fded2f0 JavaThread "process reaper (pid 6044)"  daemon [_thread_in_native, id=19152, stack(0x000000a081200000,0x000000a081220000) (128K)]
  0x0000027d7fdee6a0 JavaThread "ForkJoinPool.commonPool-worker-36" daemon [_thread_blocked, id=21996, stack(0x000000a080500000,0x000000a080600000) (1024K)]
  0x0000027d7fdf00e0 JavaThread "ForkJoinPool.commonPool-worker-37" daemon [_thread_blocked, id=23820, stack(0x000000a080300000,0x000000a080400000) (1024K)]
  0x0000027d7fdecc60 JavaThread "ForkJoinPool.commonPool-worker-38" daemon [_thread_blocked, id=23908, stack(0x000000a080400000,0x000000a080500000) (1024K)]
Total: 52

Other Threads:
  0x0000027d206c18e0 VMThread "VM Thread"                           [id=19156, stack(0x000000a0fbd00000,0x000000a0fbe00000) (1024K)]
  0x0000027d22a0ca00 WatcherThread "VM Periodic Task Thread"        [id=19012, stack(0x000000a0fbc00000,0x000000a0fbd00000) (1024K)]
  0x0000027d206bff80 WorkerThread "GC Thread#0"                     [id=19192, stack(0x000000a0fbb00000,0x000000a0fbc00000) (1024K)]
  0x0000027d206c0320 WorkerThread "GC Thread#1"                     [id=19436, stack(0x000000a0fce00000,0x000000a0fcf00000) (1024K)]
  0x0000027d206c06c0 WorkerThread "GC Thread#2"                     [id=3472, stack(0x000000a0fcf00000,0x000000a0fd000000) (1024K)]
  0x0000027d7da48630 WorkerThread "GC Thread#3"                     [id=6628, stack(0x000000a0fd000000,0x000000a0fd100000) (1024K)]
  0x0000027d7da4a6d0 WorkerThread "GC Thread#4"                     [id=3796, stack(0x000000a0fd100000,0x000000a0fd200000) (1024K)]
  0x0000027d7da47b50 WorkerThread "GC Thread#5"                     [id=18292, stack(0x000000a0fd200000,0x000000a0fd300000) (1024K)]
  0x0000027d7da47410 WorkerThread "GC Thread#6"                     [id=19400, stack(0x000000a0fd300000,0x000000a0fd400000) (1024K)]
  0x0000027d7da47ef0 WorkerThread "GC Thread#7"                     [id=17692, stack(0x000000a0fd400000,0x000000a0fd500000) (1024K)]
  0x0000027d7da48290 WorkerThread "GC Thread#8"                     [id=18876, stack(0x000000a0fcc00000,0x000000a0fcd00000) (1024K)]
  0x0000027d7da49f90 WorkerThread "GC Thread#9"                     [id=18776, stack(0x000000a0fcd00000,0x000000a0fce00000) (1024K)]
  0x0000027d7da4aa70 WorkerThread "GC Thread#10"                    [id=4680, stack(0x000000a0fd600000,0x000000a0fd700000) (1024K)]
  0x0000027d7da494b0 WorkerThread "GC Thread#11"                    [id=3388, stack(0x000000a0fde00000,0x000000a0fdf00000) (1024K)]
  0x0000027d7da48d70 WorkerThread "GC Thread#12"                    [id=19004, stack(0x000000a0fe000000,0x000000a0fe100000) (1024K)]
Total: 15

Threads with active compile tasks:
C2 CompilerThread0  3736089 28775   !   4       org.eclipse.jdt.internal.core.NameLookup::<init> (805 bytes)
Total: 1

VM state: not at safepoint (normal execution)

VM Mutex/Monitor currently owned by a thread: None

Heap address: 0x0000000080000000, size: 2048 MB, Compressed Oops mode: 32-bit

CDS archive(s) mapped at: [0x0000027d3a000000-0x0000027d3aba0000-0x0000027d3aba0000), size 12189696, SharedBaseAddress: 0x0000027d3a000000, ArchiveRelocationMode: 1.
Compressed class space mapped at: 0x0000027d3b000000-0x0000027d7b000000, reserved size: 1073741824
Narrow klass base: 0x0000027d3a000000, Narrow klass shift: 0, Narrow klass range: 0x100000000

GC Precious Log:
 CardTable entry size: 512
 CPUs: 16 total, 16 available
 Memory: 20187M
 Large Page Support: Disabled
 NUMA Support: Disabled
 Compressed Oops: Enabled (32-bit)
 Alignments: Space 512K, Generation 512K, Heap 2M
 Heap Min Capacity: 100M
 Heap Initial Capacity: 100M
 Heap Max Capacity: 2G
 Pre-touch: Disabled
 Parallel Workers: 13

Heap:
 PSYoungGen      total 9728K, used 1367K [0x00000000d5580000, 0x00000000d6000000, 0x0000000100000000)
  eden space 8704K, 8% used [0x00000000d5580000,0x00000000d562f530,0x00000000d5e00000)
  from space 1024K, 65% used [0x00000000d5e00000,0x00000000d5ea6900,0x00000000d5f00000)
  to   space 1024K, 0% used [0x00000000d5f00000,0x00000000d5f00000,0x00000000d6000000)
 ParOldGen       total 708608K, used 708162K [0x0000000080000000, 0x00000000ab400000, 0x00000000d5580000)
  object space 708608K, 99% used [0x0000000080000000,0x00000000ab390928,0x00000000ab400000)
 Metaspace       used 89636K, committed 91584K, reserved 1179648K
  class space    used 8656K, committed 9664K, reserved 1048576K

Card table byte_map: [0x0000027d22520000,0x0000027d22930000] _byte_map_base: 0x0000027d22120000

Marking Bits: (ParMarkBitMap*) 0x00007ffa52fc31f0
 Begin Bits: [0x0000027d35020000, 0x0000027d37020000)
 End Bits:   [0x0000027d37020000, 0x0000027d39020000)

Polling page: 0x0000027d221b0000

Metaspace:

Usage:
  Non-class:     79.08 MB used.
      Class:      8.45 MB used.
       Both:     87.54 MB used.

Virtual space:
  Non-class space:      128.00 MB reserved,      80.00 MB ( 62%) committed,  2 nodes.
      Class space:        1.00 GB reserved,       9.44 MB ( <1%) committed,  1 nodes.
             Both:        1.12 GB reserved,      89.44 MB (  8%) committed. 

Chunk freelists:
   Non-Class:  16.02 MB
       Class:  6.78 MB
        Both:  22.81 MB

MaxMetaspaceSize: unlimited
CompressedClassSpaceSize: 1.00 GB
Initial GC threshold: 21.00 MB
Current GC threshold: 148.69 MB
CDS: on
 - commit_granule_bytes: 65536.
 - commit_granule_words: 8192.
 - virtual_space_node_default_size: 8388608.
 - enlarge_chunks_in_place: 1.
 - use_allocation_guard: 0.


Internal statistics:

num_allocs_failed_limit: 11.
num_arena_births: 1962.
num_arena_deaths: 494.
num_vsnodes_births: 3.
num_vsnodes_deaths: 0.
num_space_committed: 1431.
num_space_uncommitted: 0.
num_chunks_returned_to_freelist: 612.
num_chunks_taken_from_freelist: 6643.
num_chunk_merges: 165.
num_chunk_splits: 3925.
num_chunks_enlarged: 2151.
num_inconsistent_stats: 0.

CodeHeap 'non-profiled nmethods': size=119168Kb used=27175Kb max_used=30677Kb free=91992Kb
 bounds [0x0000027d2d910000, 0x0000027d2f710000, 0x0000027d34d70000]
CodeHeap 'profiled nmethods': size=119104Kb used=39943Kb max_used=53411Kb free=79161Kb
 bounds [0x0000027d25d70000, 0x0000027d291a0000, 0x0000027d2d1c0000]
CodeHeap 'non-nmethods': size=7488Kb used=1506Kb max_used=3268Kb free=5981Kb
 bounds [0x0000027d2d1c0000, 0x0000027d2d510000, 0x0000027d2d910000]
 total_blobs=19099 nmethods=18275 adapters=726
 compilation: enabled
              stopped_count=0, restarted_count=0
 full_count=0

Compilation events (20 events):
Event: 3500.982 Thread 0x0000027d07189fb0 nmethod 28763 0x0000027d2e12ec90 code [0x0000027d2e12f140, 0x0000027d2e1308e0]
Event: 3501.090 Thread 0x0000027d07189fb0 28766       4       org.eclipse.jdt.internal.compiler.parser.Parser::consumeExpression (86 bytes)
Event: 3501.097 Thread 0x0000027d07189fb0 nmethod 28766 0x0000027d2dffe710 code [0x0000027d2dffe8c0, 0x0000027d2dffeab8]
Event: 3504.960 Thread 0x0000027d07189fb0 28767   !   4       org.eclipse.jdt.internal.core.PackageFragmentRoot::getSourceMapper (67 bytes)
Event: 3505.003 Thread 0x0000027d07189fb0 nmethod 28767 0x0000027d2f053510 code [0x0000027d2f053a20, 0x0000027d2f055780]
Event: 3511.587 Thread 0x0000027d7b930780 28768       1       org.eclipse.osgi.internal.location.BasicLocation::isReadOnly (5 bytes)
Event: 3511.587 Thread 0x0000027d7b930780 nmethod 28768 0x0000027d2dfff310 code [0x0000027d2dfff4a0, 0x0000027d2dfff570]
Event: 3616.979 Thread 0x0000027d22c3cca0 28769   !   4       java.util.concurrent.locks.LockSupport::parkNanos (56 bytes)
Event: 3616.981 Thread 0x0000027d22c3cca0 nmethod 28769 0x0000027d2e5b4290 code [0x0000027d2e5b4440, 0x0000027d2e5b45b8]
Event: 3625.379 Thread 0x0000027d7b930780 28770       1       java.lang.Thread::threadContainer (5 bytes)
Event: 3625.379 Thread 0x0000027d7b930780 nmethod 28770 0x0000027d2e001510 code [0x0000027d2e0016a0, 0x0000027d2e001768]
Event: 3709.976 Thread 0x0000027d22c3cca0 28771       4       io.reactivex.internal.schedulers.SchedulerPoolFactory$ScheduledTask::run (66 bytes)
Event: 3710.057 Thread 0x0000027d22c3cca0 nmethod 28771 0x0000027d2e063510 code [0x0000027d2e063880, 0x0000027d2e064b08]
Event: 3732.744 Thread 0x0000027d22c3cca0 28772       4       java.util.concurrent.CopyOnWriteArrayList::get (9 bytes)
Event: 3732.744 Thread 0x0000027d7b930780 28773       3       org.eclipse.jdt.internal.core.hierarchy.ChangeCollector::<init> (21 bytes)
Event: 3732.745 Thread 0x0000027d7b930780 nmethod 28773 0x0000027d27370a90 code [0x0000027d27370c40, 0x0000027d27370f60]
Event: 3732.745 Thread 0x0000027d22c3cca0 nmethod 28772 0x0000027d2f295490 code [0x0000027d2f295620, 0x0000027d2f2956f0]
Event: 3733.852 Thread 0x0000027d7b930780 28774   !   3       org.eclipse.jdt.internal.core.hierarchy.TypeHierarchy::isAffectedByOpenable (414 bytes)
Event: 3733.855 Thread 0x0000027d7b930780 nmethod 28774 0x0000027d268d2e10 code [0x0000027d268d32a0, 0x0000027d268d6470]
Event: 3733.870 Thread 0x0000027d22c3cca0 28775   !   4       org.eclipse.jdt.internal.core.NameLookup::<init> (805 bytes)

GC Heap History (20 events):
Event: 3501.291 GC heap before
{Heap before GC invocations=3899 (full 7):
 PSYoungGen      total 9216K, used 9200K [0x00000000d5580000, 0x00000000d6180000, 0x0000000100000000)
  eden space 8192K, 100% used [0x00000000d5580000,0x00000000d5d80000,0x00000000d5d80000)
  from space 1024K, 98% used [0x00000000d5e00000,0x00000000d5efc010,0x00000000d5f00000)
  to   space 2048K, 0% used [0x00000000d5f80000,0x00000000d5f80000,0x00000000d6180000)
 ParOldGen       total 700928K, used 700749K [0x0000000080000000, 0x00000000aac80000, 0x00000000d5580000)
  object space 700928K, 99% used [0x0000000080000000,0x00000000aac53768,0x00000000aac80000)
 Metaspace       used 89632K, committed 91584K, reserved 1179648K
  class space    used 8656K, committed 9664K, reserved 1048576K
}
Event: 3501.294 GC heap after
{Heap after GC invocations=3899 (full 7):
 PSYoungGen      total 9728K, used 1332K [0x00000000d5580000, 0x00000000d6100000, 0x0000000100000000)
  eden space 8192K, 0% used [0x00000000d5580000,0x00000000d5580000,0x00000000d5d80000)
  from space 1536K, 86% used [0x00000000d5f80000,0x00000000d60cd200,0x00000000d6100000)
  to   space 1536K, 0% used [0x00000000d5e00000,0x00000000d5e00000,0x00000000d5f80000)
 ParOldGen       total 701952K, used 701561K [0x0000000080000000, 0x00000000aad80000, 0x00000000d5580000)
  object space 701952K, 99% used [0x0000000080000000,0x00000000aad1e660,0x00000000aad80000)
 Metaspace       used 89632K, committed 91584K, reserved 1179648K
  class space    used 8656K, committed 9664K, reserved 1048576K
}
Event: 3501.303 GC heap before
{Heap before GC invocations=3900 (full 7):
 PSYoungGen      total 9728K, used 9524K [0x00000000d5580000, 0x00000000d6100000, 0x0000000100000000)
  eden space 8192K, 100% used [0x00000000d5580000,0x00000000d5d80000,0x00000000d5d80000)
  from space 1536K, 86% used [0x00000000d5f80000,0x00000000d60cd200,0x00000000d6100000)
  to   space 1536K, 0% used [0x00000000d5e00000,0x00000000d5e00000,0x00000000d5f80000)
 ParOldGen       total 701952K, used 701561K [0x0000000080000000, 0x00000000aad80000, 0x00000000d5580000)
  object space 701952K, 99% used [0x0000000080000000,0x00000000aad1e660,0x00000000aad80000)
 Metaspace       used 89632K, committed 91584K, reserved 1179648K
  class space    used 8656K, committed 9664K, reserved 1048576K
}
Event: 3501.307 GC heap after
{Heap after GC invocations=3900 (full 7):
 PSYoungGen      total 10240K, used 752K [0x00000000d5580000, 0x00000000d6180000, 0x0000000100000000)
  eden space 8704K, 0% used [0x00000000d5580000,0x00000000d5580000,0x00000000d5e00000)
  from space 1536K, 48% used [0x00000000d5e00000,0x00000000d5ebc010,0x00000000d5f80000)
  to   space 1024K, 0% used [0x00000000d6080000,0x00000000d6080000,0x00000000d6180000)
 ParOldGen       total 702976K, used 702709K [0x0000000080000000, 0x00000000aae80000, 0x00000000d5580000)
  object space 702976K, 99% used [0x0000000080000000,0x00000000aae3d700,0x00000000aae80000)
 Metaspace       used 89632K, committed 91584K, reserved 1179648K
  class space    used 8656K, committed 9664K, reserved 1048576K
}
Event: 3501.320 GC heap before
{Heap before GC invocations=3901 (full 7):
 PSYoungGen      total 10240K, used 9456K [0x00000000d5580000, 0x00000000d6180000, 0x0000000100000000)
  eden space 8704K, 100% used [0x00000000d5580000,0x00000000d5e00000,0x00000000d5e00000)
  from space 1536K, 48% used [0x00000000d5e00000,0x00000000d5ebc010,0x00000000d5f80000)
  to   space 1024K, 0% used [0x00000000d6080000,0x00000000d6080000,0x00000000d6180000)
 ParOldGen       total 702976K, used 702709K [0x0000000080000000, 0x00000000aae80000, 0x00000000d5580000)
  object space 702976K, 99% used [0x0000000080000000,0x00000000aae3d700,0x00000000aae80000)
 Metaspace       used 89632K, committed 91584K, reserved 1179648K
  class space    used 8656K, committed 9664K, reserved 1048576K
}
Event: 3501.324 GC heap after
{Heap after GC invocations=3901 (full 7):
 PSYoungGen      total 11264K, used 864K [0x00000000d5580000, 0x00000000d6200000, 0x0000000100000000)
  eden space 10240K, 0% used [0x00000000d5580000,0x00000000d5580000,0x00000000d5f80000)
  from space 1024K, 84% used [0x00000000d6080000,0x00000000d6158020,0x00000000d6180000)
  to   space 1024K, 0% used [0x00000000d5f80000,0x00000000d5f80000,0x00000000d6080000)
 ParOldGen       total 703488K, used 703237K [0x0000000080000000, 0x00000000aaf00000, 0x00000000d5580000)
  object space 703488K, 99% used [0x0000000080000000,0x00000000aaec1740,0x00000000aaf00000)
 Metaspace       used 89632K, committed 91584K, reserved 1179648K
  class space    used 8656K, committed 9664K, reserved 1048576K
}
Event: 3504.746 GC heap before
{Heap before GC invocations=3902 (full 7):
 PSYoungGen      total 11264K, used 11104K [0x00000000d5580000, 0x00000000d6200000, 0x0000000100000000)
  eden space 10240K, 100% used [0x00000000d5580000,0x00000000d5f80000,0x00000000d5f80000)
  from space 1024K, 84% used [0x00000000d6080000,0x00000000d6158020,0x00000000d6180000)
  to   space 1024K, 0% used [0x00000000d5f80000,0x00000000d5f80000,0x00000000d6080000)
 ParOldGen       total 703488K, used 703237K [0x0000000080000000, 0x00000000aaf00000, 0x00000000d5580000)
  object space 703488K, 99% used [0x0000000080000000,0x00000000aaec1740,0x00000000aaf00000)
 Metaspace       used 89632K, committed 91584K, reserved 1179648K
  class space    used 8656K, committed 9664K, reserved 1048576K
}
Event: 3504.751 GC heap after
{Heap after GC invocations=3902 (full 7):
 PSYoungGen      total 11264K, used 992K [0x00000000d5580000, 0x00000000d6180000, 0x0000000100000000)
  eden space 10240K, 0% used [0x00000000d5580000,0x00000000d5580000,0x00000000d5f80000)
  from space 1024K, 96% used [0x00000000d5f80000,0x00000000d6078000,0x00000000d6080000)
  to   space 1024K, 0% used [0x00000000d6080000,0x00000000d6080000,0x00000000d6180000)
 ParOldGen       total 704000K, used 703973K [0x0000000080000000, 0x00000000aaf80000, 0x00000000d5580000)
  object space 704000K, 99% used [0x0000000080000000,0x00000000aaf797c0,0x00000000aaf80000)
 Metaspace       used 89632K, committed 91584K, reserved 1179648K
  class space    used 8656K, committed 9664K, reserved 1048576K
}
Event: 3504.929 GC heap before
{Heap before GC invocations=3903 (full 7):
 PSYoungGen      total 11264K, used 11232K [0x00000000d5580000, 0x00000000d6180000, 0x0000000100000000)
  eden space 10240K, 100% used [0x00000000d5580000,0x00000000d5f80000,0x00000000d5f80000)
  from space 1024K, 96% used [0x00000000d5f80000,0x00000000d6078000,0x00000000d6080000)
  to   space 1024K, 0% used [0x00000000d6080000,0x00000000d6080000,0x00000000d6180000)
 ParOldGen       total 704000K, used 703973K [0x0000000080000000, 0x00000000aaf80000, 0x00000000d5580000)
  object space 704000K, 99% used [0x0000000080000000,0x00000000aaf797c0,0x00000000aaf80000)
 Metaspace       used 89632K, committed 91584K, reserved 1179648K
  class space    used 8656K, committed 9664K, reserved 1048576K
}
Event: 3504.933 GC heap after
{Heap after GC invocations=3903 (full 7):
 PSYoungGen      total 9728K, used 1018K [0x00000000d5580000, 0x00000000d6480000, 0x0000000100000000)
  eden space 8704K, 0% used [0x00000000d5580000,0x00000000d5580000,0x00000000d5e00000)
  from space 1024K, 99% used [0x00000000d6080000,0x00000000d617e920,0x00000000d6180000)
  to   space 2560K, 0% used [0x00000000d5e00000,0x00000000d5e00000,0x00000000d6080000)
 ParOldGen       total 705024K, used 704897K [0x0000000080000000, 0x00000000ab080000, 0x00000000d5580000)
  object space 705024K, 99% used [0x0000000080000000,0x00000000ab060468,0x00000000ab080000)
 Metaspace       used 89632K, committed 91584K, reserved 1179648K
  class space    used 8656K, committed 9664K, reserved 1048576K
}
Event: 3504.947 GC heap before
{Heap before GC invocations=3904 (full 7):
 PSYoungGen      total 9728K, used 9722K [0x00000000d5580000, 0x00000000d6480000, 0x0000000100000000)
  eden space 8704K, 100% used [0x00000000d5580000,0x00000000d5e00000,0x00000000d5e00000)
  from space 1024K, 99% used [0x00000000d6080000,0x00000000d617e920,0x00000000d6180000)
  to   space 2560K, 0% used [0x00000000d5e00000,0x00000000d5e00000,0x00000000d6080000)
 ParOldGen       total 705024K, used 704897K [0x0000000080000000, 0x00000000ab080000, 0x00000000d5580000)
  object space 705024K, 99% used [0x0000000080000000,0x00000000ab060468,0x00000000ab080000)
 Metaspace       used 89632K, committed 91584K, reserved 1179648K
  class space    used 8656K, committed 9664K, reserved 1048576K
}
Event: 3504.951 GC heap after
{Heap after GC invocations=3904 (full 7):
 PSYoungGen      total 9728K, used 800K [0x00000000d5580000, 0x00000000d6100000, 0x0000000100000000)
  eden space 8704K, 0% used [0x00000000d5580000,0x00000000d5580000,0x00000000d5e00000)
  from space 1024K, 78% used [0x00000000d5e00000,0x00000000d5ec8020,0x00000000d5f00000)
  to   space 1536K, 0% used [0x00000000d5f80000,0x00000000d5f80000,0x00000000d6100000)
 ParOldGen       total 706048K, used 705821K [0x0000000080000000, 0x00000000ab180000, 0x00000000d5580000)
  object space 706048K, 99% used [0x0000000080000000,0x00000000ab147618,0x00000000ab180000)
 Metaspace       used 89632K, committed 91584K, reserved 1179648K
  class space    used 8656K, committed 9664K, reserved 1048576K
}
Event: 3505.369 GC heap before
{Heap before GC invocations=3905 (full 7):
 PSYoungGen      total 9728K, used 9504K [0x00000000d5580000, 0x00000000d6100000, 0x0000000100000000)
  eden space 8704K, 100% used [0x00000000d5580000,0x00000000d5e00000,0x00000000d5e00000)
  from space 1024K, 78% used [0x00000000d5e00000,0x00000000d5ec8020,0x00000000d5f00000)
  to   space 1536K, 0% used [0x00000000d5f80000,0x00000000d5f80000,0x00000000d6100000)
 ParOldGen       total 706048K, used 705821K [0x0000000080000000, 0x00000000ab180000, 0x00000000d5580000)
  object space 706048K, 99% used [0x0000000080000000,0x00000000ab147618,0x00000000ab180000)
 Metaspace       used 89632K, committed 91584K, reserved 1179648K
  class space    used 8656K, committed 9664K, reserved 1048576K
}
Event: 3505.372 GC heap after
{Heap after GC invocations=3905 (full 7):
 PSYoungGen      total 9728K, used 768K [0x00000000d5580000, 0x00000000d6080000, 0x0000000100000000)
  eden space 8704K, 0% used [0x00000000d5580000,0x00000000d5580000,0x00000000d5e00000)
  from space 1024K, 75% used [0x00000000d5f80000,0x00000000d6040020,0x00000000d6080000)
  to   space 1024K, 0% used [0x00000000d5e00000,0x00000000d5e00000,0x00000000d5f00000)
 ParOldGen       total 706560K, used 706429K [0x0000000080000000, 0x00000000ab200000, 0x00000000d5580000)
  object space 706560K, 99% used [0x0000000080000000,0x00000000ab1df658,0x00000000ab200000)
 Metaspace       used 89632K, committed 91584K, reserved 1179648K
  class space    used 8656K, committed 9664K, reserved 1048576K
}
Event: 3733.874 GC heap before
{Heap before GC invocations=3906 (full 7):
 PSYoungGen      total 9728K, used 9472K [0x00000000d5580000, 0x00000000d6080000, 0x0000000100000000)
  eden space 8704K, 100% used [0x00000000d5580000,0x00000000d5e00000,0x00000000d5e00000)
  from space 1024K, 75% used [0x00000000d5f80000,0x00000000d6040020,0x00000000d6080000)
  to   space 1024K, 0% used [0x00000000d5e00000,0x00000000d5e00000,0x00000000d5f00000)
 ParOldGen       total 706560K, used 706429K [0x0000000080000000, 0x00000000ab200000, 0x00000000d5580000)
  object space 706560K, 99% used [0x0000000080000000,0x00000000ab1df658,0x00000000ab200000)
 Metaspace       used 89636K, committed 91584K, reserved 1179648K
  class space    used 8656K, committed 9664K, reserved 1048576K
}
Event: 3733.878 GC heap after
{Heap after GC invocations=3906 (full 7):
 PSYoungGen      total 9728K, used 874K [0x00000000d5580000, 0x00000000d6000000, 0x0000000100000000)
  eden space 8704K, 0% used [0x00000000d5580000,0x00000000d5580000,0x00000000d5e00000)
  from space 1024K, 85% used [0x00000000d5e00000,0x00000000d5eda930,0x00000000d5f00000)
  to   space 1024K, 0% used [0x00000000d5f00000,0x00000000d5f00000,0x00000000d6000000)
 ParOldGen       total 707584K, used 707117K [0x0000000080000000, 0x00000000ab300000, 0x00000000d5580000)
  object space 707584K, 99% used [0x0000000080000000,0x00000000ab28b6d8,0x00000000ab300000)
 Metaspace       used 89636K, committed 91584K, reserved 1179648K
  class space    used 8656K, committed 9664K, reserved 1048576K
}
Event: 3734.275 GC heap before
{Heap before GC invocations=3907 (full 7):
 PSYoungGen      total 9728K, used 9578K [0x00000000d5580000, 0x00000000d6000000, 0x0000000100000000)
  eden space 8704K, 100% used [0x00000000d5580000,0x00000000d5e00000,0x00000000d5e00000)
  from space 1024K, 85% used [0x00000000d5e00000,0x00000000d5eda930,0x00000000d5f00000)
  to   space 1024K, 0% used [0x00000000d5f00000,0x00000000d5f00000,0x00000000d6000000)
 ParOldGen       total 707584K, used 707117K [0x0000000080000000, 0x00000000ab300000, 0x00000000d5580000)
  object space 707584K, 99% used [0x0000000080000000,0x00000000ab28b6d8,0x00000000ab300000)
 Metaspace       used 89636K, committed 91584K, reserved 1179648K
  class space    used 8656K, committed 9664K, reserved 1048576K
}
Event: 3734.280 GC heap after
{Heap after GC invocations=3907 (full 7):
 PSYoungGen      total 9728K, used 628K [0x00000000d5580000, 0x00000000d6000000, 0x0000000100000000)
  eden space 8704K, 0% used [0x00000000d5580000,0x00000000d5580000,0x00000000d5e00000)
  from space 1024K, 61% used [0x00000000d5f00000,0x00000000d5f9d200,0x00000000d6000000)
  to   space 1024K, 0% used [0x00000000d5e00000,0x00000000d5e00000,0x00000000d5f00000)
 ParOldGen       total 708096K, used 707722K [0x0000000080000000, 0x00000000ab380000, 0x00000000d5580000)
  object space 708096K, 99% used [0x0000000080000000,0x00000000ab322928,0x00000000ab380000)
 Metaspace       used 89636K, committed 91584K, reserved 1179648K
  class space    used 8656K, committed 9664K, reserved 1048576K
}
Event: 3734.303 GC heap before
{Heap before GC invocations=3908 (full 7):
 PSYoungGen      total 9728K, used 9332K [0x00000000d5580000, 0x00000000d6000000, 0x0000000100000000)
  eden space 8704K, 100% used [0x00000000d5580000,0x00000000d5e00000,0x00000000d5e00000)
  from space 1024K, 61% used [0x00000000d5f00000,0x00000000d5f9d200,0x00000000d6000000)
  to   space 1024K, 0% used [0x00000000d5e00000,0x00000000d5e00000,0x00000000d5f00000)
 ParOldGen       total 708096K, used 707722K [0x0000000080000000, 0x00000000ab380000, 0x00000000d5580000)
  object space 708096K, 99% used [0x0000000080000000,0x00000000ab322928,0x00000000ab380000)
 Metaspace       used 89636K, committed 91584K, reserved 1179648K
  class space    used 8656K, committed 9664K, reserved 1048576K
}
Event: 3734.308 GC heap after
{Heap after GC invocations=3908 (full 7):
 PSYoungGen      total 9728K, used 666K [0x00000000d5580000, 0x00000000d6000000, 0x0000000100000000)
  eden space 8704K, 0% used [0x00000000d5580000,0x00000000d5580000,0x00000000d5e00000)
  from space 1024K, 65% used [0x00000000d5e00000,0x00000000d5ea6900,0x00000000d5f00000)
  to   space 1024K, 0% used [0x00000000d5f00000,0x00000000d5f00000,0x00000000d6000000)
 ParOldGen       total 708608K, used 708162K [0x0000000080000000, 0x00000000ab400000, 0x00000000d5580000)
  object space 708608K, 99% used [0x0000000080000000,0x00000000ab390928,0x00000000ab400000)
 Metaspace       used 89636K, committed 91584K, reserved 1179648K
  class space    used 8656K, committed 9664K, reserved 1048576K
}

Dll operation events (12 events):
Event: 0.005 Loaded shared library c:\Users\fatta\.vscode\extensions\redhat.java-1.42.0-win32-x64\jre\21.0.7-win32-x86_64\bin\java.dll
Event: 0.043 Loaded shared library c:\Users\fatta\.vscode\extensions\redhat.java-1.42.0-win32-x64\jre\21.0.7-win32-x86_64\bin\zip.dll
Event: 0.054 Loaded shared library C:\Users\fatta\.vscode\extensions\redhat.java-1.42.0-win32-x64\jre\21.0.7-win32-x86_64\bin\instrument.dll
Event: 0.057 Loaded shared library C:\Users\fatta\.vscode\extensions\redhat.java-1.42.0-win32-x64\jre\21.0.7-win32-x86_64\bin\net.dll
Event: 0.058 Loaded shared library C:\Users\fatta\.vscode\extensions\redhat.java-1.42.0-win32-x64\jre\21.0.7-win32-x86_64\bin\nio.dll
Event: 0.060 Loaded shared library C:\Users\fatta\.vscode\extensions\redhat.java-1.42.0-win32-x64\jre\21.0.7-win32-x86_64\bin\zip.dll
Event: 0.071 Loaded shared library C:\Users\fatta\.vscode\extensions\redhat.java-1.42.0-win32-x64\jre\21.0.7-win32-x86_64\bin\jimage.dll
Event: 0.104 Loaded shared library c:\Users\fatta\.vscode\extensions\redhat.java-1.42.0-win32-x64\jre\21.0.7-win32-x86_64\bin\verify.dll
Event: 3.073 Loaded shared library C:\Users\fatta\AppData\Roaming\Code\User\globalStorage\redhat.java\1.42.0\config_win\org.eclipse.equinox.launcher\org.eclipse.equinox.launcher.win32.win32.x86_64_1.2.1300.v20250331-1702\eclipse_11911.dll
Event: 9.646 Loaded shared library C:\Users\fatta\AppData\Local\Temp\jna-97204038\jna15584060062670533425.dll
Event: 14.032 Loaded shared library C:\Users\fatta\.vscode\extensions\redhat.java-1.42.0-win32-x64\jre\21.0.7-win32-x86_64\bin\sunmscapi.dll
Event: 66.872 Loaded shared library C:\Users\fatta\.vscode\extensions\redhat.java-1.42.0-win32-x64\jre\21.0.7-win32-x86_64\bin\extnet.dll

Deoptimization events (20 events):
Event: 3733.879 Thread 0x0000027d7fdee6a0 Uncommon trap: trap_request=0xffffffc6 fr.pc=0x0000027d2f4e4b94 relative=0x00000000000000d4
Event: 3733.879 Thread 0x0000027d7fdee6a0 Uncommon trap: reason=bimorphic_or_optimized_type_check action=maybe_recompile pc=0x0000027d2f4e4b94 method=org.eclipse.jdt.internal.compiler.ast.TrueLiteral.traverse(Lorg/eclipse/jdt/internal/compiler/ASTVisitor;Lorg/eclipse/jdt/internal/compiler/lookup/
Event: 3733.879 Thread 0x0000027d7fdee6a0 DEOPT PACKING pc=0x0000027d2f4e4b94 sp=0x000000a0805fdeb0
Event: 3733.879 Thread 0x0000027d7fdee6a0 DEOPT UNPACKING pc=0x0000027d2d213aa2 sp=0x000000a0805fde48 mode 2
Event: 3733.882 Thread 0x0000027d7fdee6a0 Uncommon trap: trap_request=0xffffff45 fr.pc=0x0000027d2ea1fd18 relative=0x0000000000000818
Event: 3733.882 Thread 0x0000027d7fdee6a0 Uncommon trap: reason=unstable_if action=reinterpret pc=0x0000027d2ea1fd18 method=org.eclipse.jdt.internal.compiler.ClassFile.generateElementValue(ILorg/eclipse/jdt/internal/compiler/ast/Expression;Lorg/eclipse/jdt/internal/compiler/impl/Constant;Lorg/ecl
Event: 3733.882 Thread 0x0000027d7fdee6a0 DEOPT PACKING pc=0x0000027d2ea1fd18 sp=0x000000a0805fdfc0
Event: 3733.882 Thread 0x0000027d7fdee6a0 DEOPT UNPACKING pc=0x0000027d2d213aa2 sp=0x000000a0805fdf18 mode 2
Event: 3733.891 Thread 0x0000027d7fdee6a0 Uncommon trap: trap_request=0xffffffc6 fr.pc=0x0000027d2f4e4b94 relative=0x00000000000000d4
Event: 3733.891 Thread 0x0000027d7fdee6a0 Uncommon trap: reason=bimorphic_or_optimized_type_check action=maybe_recompile pc=0x0000027d2f4e4b94 method=org.eclipse.jdt.internal.compiler.ast.TrueLiteral.traverse(Lorg/eclipse/jdt/internal/compiler/ASTVisitor;Lorg/eclipse/jdt/internal/compiler/lookup/
Event: 3733.891 Thread 0x0000027d7fdee6a0 DEOPT PACKING pc=0x0000027d2f4e4b94 sp=0x000000a0805fde20
Event: 3733.891 Thread 0x0000027d7fdee6a0 DEOPT UNPACKING pc=0x0000027d2d213aa2 sp=0x000000a0805fddb8 mode 2
Event: 3734.290 Thread 0x0000027d044902c0 Uncommon trap: trap_request=0xffffffc6 fr.pc=0x0000027d2f4e4b94 relative=0x00000000000000d4
Event: 3734.290 Thread 0x0000027d044902c0 Uncommon trap: reason=bimorphic_or_optimized_type_check action=maybe_recompile pc=0x0000027d2f4e4b94 method=org.eclipse.jdt.internal.compiler.ast.TrueLiteral.traverse(Lorg/eclipse/jdt/internal/compiler/ASTVisitor;Lorg/eclipse/jdt/internal/compiler/lookup/
Event: 3734.290 Thread 0x0000027d044902c0 DEOPT PACKING pc=0x0000027d2f4e4b94 sp=0x000000a0802fe790
Event: 3734.290 Thread 0x0000027d044902c0 DEOPT UNPACKING pc=0x0000027d2d213aa2 sp=0x000000a0802fe728 mode 2
Event: 3734.302 Thread 0x0000027d044902c0 Uncommon trap: trap_request=0xffffffc6 fr.pc=0x0000027d2f4e4b94 relative=0x00000000000000d4
Event: 3734.302 Thread 0x0000027d044902c0 Uncommon trap: reason=bimorphic_or_optimized_type_check action=maybe_recompile pc=0x0000027d2f4e4b94 method=org.eclipse.jdt.internal.compiler.ast.TrueLiteral.traverse(Lorg/eclipse/jdt/internal/compiler/ASTVisitor;Lorg/eclipse/jdt/internal/compiler/lookup/
Event: 3734.302 Thread 0x0000027d044902c0 DEOPT PACKING pc=0x0000027d2f4e4b94 sp=0x000000a0802fe790
Event: 3734.303 Thread 0x0000027d044902c0 DEOPT UNPACKING pc=0x0000027d2d213aa2 sp=0x000000a0802fe728 mode 2

Classes loaded (20 events):
Event: 2358.286 Loading class jdk/internal/module/IllegalAccessLogger
Event: 2358.286 Loading class jdk/internal/module/IllegalAccessLogger done
Event: 2359.508 Loading class jdk/internal/module/IllegalAccessLogger
Event: 2359.508 Loading class jdk/internal/module/IllegalAccessLogger done
Event: 2364.056 Loading class jdk/internal/module/IllegalAccessLogger
Event: 2364.056 Loading class jdk/internal/module/IllegalAccessLogger done
Event: 2365.175 Loading class jdk/internal/module/IllegalAccessLogger
Event: 2365.175 Loading class jdk/internal/module/IllegalAccessLogger done
Event: 2407.639 Loading class jdk/internal/module/IllegalAccessLogger
Event: 2407.639 Loading class jdk/internal/module/IllegalAccessLogger done
Event: 2408.717 Loading class jdk/internal/module/IllegalAccessLogger
Event: 2408.717 Loading class jdk/internal/module/IllegalAccessLogger done
Event: 2424.356 Loading class java/util/stream/ReferencePipeline$15
Event: 2424.356 Loading class java/util/stream/ReferencePipeline$15 done
Event: 2424.356 Loading class java/util/stream/ReferencePipeline$15$1
Event: 2424.357 Loading class java/util/stream/ReferencePipeline$15$1 done
Event: 2425.488 Loading class jdk/internal/module/IllegalAccessLogger
Event: 2425.488 Loading class jdk/internal/module/IllegalAccessLogger done
Event: 2624.845 Loading class jdk/internal/module/IllegalAccessLogger
Event: 2624.845 Loading class jdk/internal/module/IllegalAccessLogger done

Classes unloaded (20 events):
Event: 2363.365 Thread 0x0000027d206c18e0 Unloading class 0x0000027d3b01ec00 'java/lang/invoke/LambdaForm$MH+0x0000027d3b01ec00'
Event: 2363.365 Thread 0x0000027d206c18e0 Unloading class 0x0000027d3b018800 'java/lang/invoke/LambdaForm$MH+0x0000027d3b018800'
Event: 2363.365 Thread 0x0000027d206c18e0 Unloading class 0x0000027d3b00d800 'java/lang/invoke/LambdaForm$MH+0x0000027d3b00d800'
Event: 2363.365 Thread 0x0000027d206c18e0 Unloading class 0x0000027d3b00d400 'java/lang/invoke/LambdaForm$MH+0x0000027d3b00d400'
Event: 2363.365 Thread 0x0000027d206c18e0 Unloading class 0x0000027d3b00d000 'java/lang/invoke/LambdaForm$MH+0x0000027d3b00d000'
Event: 2363.365 Thread 0x0000027d206c18e0 Unloading class 0x0000027d3b00cc00 'java/lang/invoke/LambdaForm$MH+0x0000027d3b00cc00'
Event: 2363.365 Thread 0x0000027d206c18e0 Unloading class 0x0000027d3b00c800 'java/lang/invoke/LambdaForm$BMH+0x0000027d3b00c800'
Event: 2363.365 Thread 0x0000027d206c18e0 Unloading class 0x0000027d3b00c000 'java/lang/invoke/LambdaForm$DMH+0x0000027d3b00c000'
Event: 2363.365 Thread 0x0000027d206c18e0 Unloading class 0x0000027d3b008400 'java/lang/invoke/LambdaForm$MH+0x0000027d3b008400'
Event: 2363.365 Thread 0x0000027d206c18e0 Unloading class 0x0000027d3b008000 'java/lang/invoke/LambdaForm$MH+0x0000027d3b008000'
Event: 2363.365 Thread 0x0000027d206c18e0 Unloading class 0x0000027d3b007c00 'java/lang/invoke/LambdaForm$MH+0x0000027d3b007c00'
Event: 2363.365 Thread 0x0000027d206c18e0 Unloading class 0x0000027d3b006800 'java/lang/invoke/LambdaForm$MH+0x0000027d3b006800'
Event: 2363.365 Thread 0x0000027d206c18e0 Unloading class 0x0000027d3b006000 'java/lang/invoke/LambdaForm$MH+0x0000027d3b006000'
Event: 2363.365 Thread 0x0000027d206c18e0 Unloading class 0x0000027d3b005c00 'java/lang/invoke/LambdaForm$MH+0x0000027d3b005c00'
Event: 2363.365 Thread 0x0000027d206c18e0 Unloading class 0x0000027d3b005800 'java/lang/invoke/LambdaForm$MH+0x0000027d3b005800'
Event: 2363.365 Thread 0x0000027d206c18e0 Unloading class 0x0000027d3b005400 'java/lang/invoke/LambdaForm$BMH+0x0000027d3b005400'
Event: 2363.365 Thread 0x0000027d206c18e0 Unloading class 0x0000027d3b004000 'java/lang/invoke/LambdaForm$DMH+0x0000027d3b004000'
Event: 2363.365 Thread 0x0000027d206c18e0 Unloading class 0x0000027d3b002400 'java/lang/invoke/LambdaForm$MH+0x0000027d3b002400'
Event: 2363.365 Thread 0x0000027d206c18e0 Unloading class 0x0000027d3b002000 'java/lang/invoke/LambdaForm$MH+0x0000027d3b002000'
Event: 2363.365 Thread 0x0000027d206c18e0 Unloading class 0x0000027d3b001800 'java/lang/invoke/LambdaForm$MH+0x0000027d3b001800'

Classes redefined (0 events):
No events

Internal exceptions (20 events):
Event: 2424.495 Thread 0x0000027d075b05c0 Implicit null exception at 0x0000027d2e85539e to 0x0000027d2e855854
Event: 2424.509 Thread 0x0000027d7d7e4910 Exception <a 'sun/nio/fs/WindowsException'{0x00000000d55a66d0}> (0x00000000d55a66d0) 
thrown [s\src\hotspot\share\prims\jni.cpp, line 520]
Event: 2424.529 Thread 0x0000027d7d7e4910 Exception <a 'sun/nio/fs/WindowsException'{0x00000000d55d3ef0}> (0x00000000d55d3ef0) 
thrown [s\src\hotspot\share\prims\jni.cpp, line 520]
Event: 2426.717 Thread 0x0000027d075b05c0 Exception <a 'java/lang/ClassNotFoundException'{0x00000000d5a812c0}: sun/net/www/protocol/jdt/Handler> (0x00000000d5a812c0) 
thrown [s\src\hotspot\share\classfile\systemDictionary.cpp, line 312]
Event: 2426.717 Thread 0x0000027d075b05c0 Exception <a 'java/lang/ClassNotFoundException'{0x00000000d5a853b8}: sun/net/www/protocol/jdt/Handler> (0x00000000d5a853b8) 
thrown [s\src\hotspot\share\classfile\systemDictionary.cpp, line 312]
Event: 2624.639 Thread 0x0000027d7d7e4910 Exception <a 'sun/nio/fs/WindowsException'{0x00000000d55ead98}> (0x00000000d55ead98) 
thrown [s\src\hotspot\share\prims\jni.cpp, line 520]
Event: 2624.656 Thread 0x0000027d7d7e4910 Exception <a 'sun/nio/fs/WindowsException'{0x00000000d5592e20}> (0x00000000d5592e20) 
thrown [s\src\hotspot\share\prims\jni.cpp, line 520]
Event: 2658.152 Thread 0x0000027d04491670 Exception <a 'sun/nio/fs/WindowsException'{0x00000000d5bf7b68}> (0x00000000d5bf7b68) 
thrown [s\src\hotspot\share\prims\jni.cpp, line 520]
Event: 2658.152 Thread 0x0000027d04491670 Exception <a 'sun/nio/fs/WindowsException'{0x00000000d5bf8948}> (0x00000000d5bf8948) 
thrown [s\src\hotspot\share\prims\jni.cpp, line 520]
Event: 2720.469 Thread 0x0000027d04a97a60 Implicit null exception at 0x0000027d2ea8d0b9 to 0x0000027d2ea8d2ec
Event: 2720.470 Thread 0x0000027d04a97a60 Exception <a 'sun/nio/fs/WindowsException'{0x00000000d59c18a0}> (0x00000000d59c18a0) 
thrown [s\src\hotspot\share\prims\jni.cpp, line 520]
Event: 2720.470 Thread 0x0000027d04a97a60 Exception <a 'sun/nio/fs/WindowsException'{0x00000000d59c2180}> (0x00000000d59c2180) 
thrown [s\src\hotspot\share\prims\jni.cpp, line 520]
Event: 2720.470 Thread 0x0000027d04a97a60 Exception <a 'sun/nio/fs/WindowsException'{0x00000000d59c2ec8}> (0x00000000d59c2ec8) 
thrown [s\src\hotspot\share\prims\jni.cpp, line 520]
Event: 2720.470 Thread 0x0000027d04a97a60 Exception <a 'sun/nio/fs/WindowsException'{0x00000000d59c37a8}> (0x00000000d59c37a8) 
thrown [s\src\hotspot\share\prims\jni.cpp, line 520]
Event: 2720.470 Thread 0x0000027d04a97a60 Exception <a 'sun/nio/fs/WindowsException'{0x00000000d59c4f20}> (0x00000000d59c4f20) 
thrown [s\src\hotspot\share\prims\jni.cpp, line 520]
Event: 2720.470 Thread 0x0000027d04a97a60 Exception <a 'sun/nio/fs/WindowsException'{0x00000000d59c5550}> (0x00000000d59c5550) 
thrown [s\src\hotspot\share\prims\jni.cpp, line 520]
Event: 2720.471 Thread 0x0000027d04a97a60 Exception <a 'sun/nio/fs/WindowsException'{0x00000000d59e4d98}> (0x00000000d59e4d98) 
thrown [s\src\hotspot\share\prims\jni.cpp, line 520]
Event: 2720.471 Thread 0x0000027d04a97a60 Exception <a 'sun/nio/fs/WindowsException'{0x00000000d59e5678}> (0x00000000d59e5678) 
thrown [s\src\hotspot\share\prims\jni.cpp, line 520]
Event: 2720.538 Thread 0x0000027d089f86b0 Exception <a 'sun/nio/fs/WindowsException'{0x00000000d5a07540}> (0x00000000d5a07540) 
thrown [s\src\hotspot\share\prims\jni.cpp, line 520]
Event: 2720.538 Thread 0x0000027d089f86b0 Exception <a 'sun/nio/fs/WindowsException'{0x00000000d5a07bb0}> (0x00000000d5a07bb0) 
thrown [s\src\hotspot\share\prims\jni.cpp, line 520]

ZGC Phase Switch (0 events):
No events

VM Operations (20 events):
Event: 3501.320 Executing VM operation: ParallelGCFailedAllocation (Allocation Failure)
Event: 3501.324 Executing VM operation: ParallelGCFailedAllocation (Allocation Failure) done
Event: 3504.746 Executing VM operation: ParallelGCFailedAllocation (Allocation Failure)
Event: 3504.751 Executing VM operation: ParallelGCFailedAllocation (Allocation Failure) done
Event: 3504.929 Executing VM operation: ParallelGCFailedAllocation (Allocation Failure)
Event: 3504.933 Executing VM operation: ParallelGCFailedAllocation (Allocation Failure) done
Event: 3504.947 Executing VM operation: ParallelGCFailedAllocation (Allocation Failure)
Event: 3504.951 Executing VM operation: ParallelGCFailedAllocation (Allocation Failure) done
Event: 3505.369 Executing VM operation: ParallelGCFailedAllocation (Allocation Failure)
Event: 3505.372 Executing VM operation: ParallelGCFailedAllocation (Allocation Failure) done
Event: 3547.660 Executing VM operation: HandshakeAllThreads (HandshakeForDeflation)
Event: 3547.660 Executing VM operation: HandshakeAllThreads (HandshakeForDeflation) done
Event: 3547.660 Executing VM operation: RendezvousGCThreads
Event: 3547.660 Executing VM operation: RendezvousGCThreads done
Event: 3733.874 Executing VM operation: ParallelGCFailedAllocation (Allocation Failure)
Event: 3733.878 Executing VM operation: ParallelGCFailedAllocation (Allocation Failure) done
Event: 3734.275 Executing VM operation: ParallelGCFailedAllocation (Allocation Failure)
Event: 3734.280 Executing VM operation: ParallelGCFailedAllocation (Allocation Failure) done
Event: 3734.303 Executing VM operation: ParallelGCFailedAllocation (Allocation Failure)
Event: 3734.308 Executing VM operation: ParallelGCFailedAllocation (Allocation Failure) done

Memory protections (0 events):
No events

Nmethod flushes (20 events):
Event: 2363.403 Thread 0x0000027d206c18e0 flushing  nmethod 0x0000027d28f58490
Event: 2363.403 Thread 0x0000027d206c18e0 flushing  nmethod 0x0000027d28f58e10
Event: 2363.403 Thread 0x0000027d206c18e0 flushing  nmethod 0x0000027d28f5a610
Event: 2363.403 Thread 0x0000027d206c18e0 flushing  nmethod 0x0000027d28f5aa10
Event: 2363.403 Thread 0x0000027d206c18e0 flushing  nmethod 0x0000027d28f5c090
Event: 2363.403 Thread 0x0000027d206c18e0 flushing  nmethod 0x0000027d28f5cd10
Event: 2363.403 Thread 0x0000027d206c18e0 flushing  nmethod 0x0000027d28f62190
Event: 2363.403 Thread 0x0000027d206c18e0 flushing  nmethod 0x0000027d28f81090
Event: 2363.403 Thread 0x0000027d206c18e0 flushing  nmethod 0x0000027d28fb2890
Event: 2363.403 Thread 0x0000027d206c18e0 flushing  nmethod 0x0000027d28ffc810
Event: 2363.403 Thread 0x0000027d206c18e0 flushing osr nmethod 0x0000027d29014a10
Event: 2363.403 Thread 0x0000027d206c18e0 flushing  nmethod 0x0000027d2901e110
Event: 2363.403 Thread 0x0000027d206c18e0 flushing  nmethod 0x0000027d29022790
Event: 2363.403 Thread 0x0000027d206c18e0 flushing  nmethod 0x0000027d290e5b90
Event: 2363.403 Thread 0x0000027d206c18e0 flushing  nmethod 0x0000027d29116290
Event: 2363.403 Thread 0x0000027d206c18e0 flushing  nmethod 0x0000027d2911b490
Event: 2363.403 Thread 0x0000027d206c18e0 flushing  nmethod 0x0000027d2912fa10
Event: 2363.403 Thread 0x0000027d206c18e0 flushing  nmethod 0x0000027d29131790
Event: 2363.403 Thread 0x0000027d206c18e0 flushing  nmethod 0x0000027d29133590
Event: 2363.403 Thread 0x0000027d206c18e0 flushing  nmethod 0x0000027d29134110

Events (20 events):
Event: 2929.572 Thread 0x0000027d04a96020 Thread exited: 0x0000027d04a96020
Event: 2989.577 Thread 0x0000027d04a96d40 Thread exited: 0x0000027d04a96d40
Event: 3049.589 Thread 0x0000027d0448ef10 Thread exited: 0x0000027d0448ef10
Event: 3109.600 Thread 0x0000027d7fdf00e0 Thread exited: 0x0000027d7fdf00e0
Event: 3169.607 Thread 0x0000027d7fdf1490 Thread exited: 0x0000027d7fdf1490
Event: 3229.620 Thread 0x0000027d04491d00 Thread exited: 0x0000027d04491d00
Event: 3289.634 Thread 0x0000027d04a945e0 Thread exited: 0x0000027d04a945e0
Event: 3349.637 Thread 0x0000027d7fdf1b20 Thread exited: 0x0000027d7fdf1b20
Event: 3409.648 Thread 0x0000027d04a91160 Thread exited: 0x0000027d04a91160
Event: 3469.660 Thread 0x0000027d04a917f0 Thread exited: 0x0000027d04a917f0
Event: 3497.313 Thread 0x0000027d7fdf0e00 Thread added: 0x0000027d7fdf00e0
Event: 3497.663 Thread 0x0000027d0574f010 Thread added: 0x0000027d7fded980
Event: 3497.663 Thread 0x0000027d7fdf0e00 Thread added: 0x0000027d7fdee6a0
Event: 3497.748 Thread 0x0000027d22c3cca0 Thread added: 0x0000027d07189fb0
Event: 3510.012 Thread 0x0000027d07189fb0 Thread exited: 0x0000027d07189fb0
Event: 3565.375 Thread 0x0000027d7fdf00e0 Thread exited: 0x0000027d7fdf00e0
Event: 3625.379 Thread 0x0000027d7fded980 Thread exited: 0x0000027d7fded980
Event: 3685.381 Thread 0x0000027d7fdf0e00 Thread exited: 0x0000027d7fdf0e00
Event: 3733.861 Thread 0x0000027d0574f010 Thread added: 0x0000027d7fdf00e0
Event: 3733.861 Thread 0x0000027d0574f010 Thread added: 0x0000027d7fdecc60


Dynamic libraries:
0x00007ff7f6450000 - 0x00007ff7f645e000 	c:\Users\fatta\.vscode\extensions\redhat.java-1.42.0-win32-x64\jre\21.0.7-win32-x86_64\bin\java.exe
0x00007ffae7180000 - 0x00007ffae73e6000 	C:\WINDOWS\SYSTEM32\ntdll.dll
0x00007ffae6250000 - 0x00007ffae6319000 	C:\WINDOWS\System32\KERNEL32.DLL
0x00007ffae46c0000 - 0x00007ffae4a8c000 	C:\WINDOWS\System32\KERNELBASE.dll
0x00007ffae4340000 - 0x00007ffae448b000 	C:\WINDOWS\System32\ucrtbase.dll
0x00007ffa753f0000 - 0x00007ffa75408000 	c:\Users\fatta\.vscode\extensions\redhat.java-1.42.0-win32-x64\jre\21.0.7-win32-x86_64\bin\jli.dll
0x00007ffa89a50000 - 0x00007ffa89a6e000 	c:\Users\fatta\.vscode\extensions\redhat.java-1.42.0-win32-x64\jre\21.0.7-win32-x86_64\bin\VCRUNTIME140.dll
0x00007ffae64b0000 - 0x00007ffae667a000 	C:\WINDOWS\System32\USER32.dll
0x00007ffac6fe0000 - 0x00007ffac727a000 	C:\WINDOWS\WinSxS\amd64_microsoft.windows.common-controls_6595b64144ccf1df_6.0.26100.3912_none_3e07963ce335137e\COMCTL32.dll
0x00007ffae4310000 - 0x00007ffae4337000 	C:\WINDOWS\System32\win32u.dll
0x00007ffae5270000 - 0x00007ffae5319000 	C:\WINDOWS\System32\msvcrt.dll
0x00007ffae6d90000 - 0x00007ffae6dbb000 	C:\WINDOWS\System32\GDI32.dll
0x00007ffae4a90000 - 0x00007ffae4bc2000 	C:\WINDOWS\System32\gdi32full.dll
0x00007ffae4490000 - 0x00007ffae4533000 	C:\WINDOWS\System32\msvcp_win.dll
0x00007ffae6f30000 - 0x00007ffae6f60000 	C:\WINDOWS\System32\IMM32.DLL
0x00007ffaaaa20000 - 0x00007ffaaaa2c000 	c:\Users\fatta\.vscode\extensions\redhat.java-1.42.0-win32-x64\jre\21.0.7-win32-x86_64\bin\vcruntime140_1.dll
0x00007ffa6e8a0000 - 0x00007ffa6e92d000 	c:\Users\fatta\.vscode\extensions\redhat.java-1.42.0-win32-x64\jre\21.0.7-win32-x86_64\bin\msvcp140.dll
0x00007ffa52310000 - 0x00007ffa530a0000 	c:\Users\fatta\.vscode\extensions\redhat.java-1.42.0-win32-x64\jre\21.0.7-win32-x86_64\bin\server\jvm.dll
0x00007ffae57b0000 - 0x00007ffae5862000 	C:\WINDOWS\System32\ADVAPI32.dll
0x00007ffae63a0000 - 0x00007ffae6446000 	C:\WINDOWS\System32\sechost.dll
0x00007ffae5040000 - 0x00007ffae5156000 	C:\WINDOWS\System32\RPCRT4.dll
0x00007ffae6320000 - 0x00007ffae6394000 	C:\WINDOWS\System32\WS2_32.dll
0x00007ffae2f40000 - 0x00007ffae2f9e000 	C:\WINDOWS\SYSTEM32\POWRPROF.dll
0x00007ffada460000 - 0x00007ffada496000 	C:\WINDOWS\SYSTEM32\WINMM.dll
0x00007ffadaaa0000 - 0x00007ffadaaab000 	C:\WINDOWS\SYSTEM32\VERSION.dll
0x00007ffae2f20000 - 0x00007ffae2f34000 	C:\WINDOWS\SYSTEM32\UMPDC.dll
0x00007ffae3150000 - 0x00007ffae316a000 	C:\WINDOWS\SYSTEM32\kernel.appcore.dll
0x00007ffa9f590000 - 0x00007ffa9f59a000 	c:\Users\fatta\.vscode\extensions\redhat.java-1.42.0-win32-x64\jre\21.0.7-win32-x86_64\bin\jimage.dll
0x00007ffae1ae0000 - 0x00007ffae1d21000 	C:\WINDOWS\SYSTEM32\DBGHELP.DLL
0x00007ffae5320000 - 0x00007ffae56a4000 	C:\WINDOWS\System32\combase.dll
0x00007ffae60f0000 - 0x00007ffae61d0000 	C:\WINDOWS\System32\OLEAUT32.dll
0x00007ffac4fa0000 - 0x00007ffac4fd9000 	C:\WINDOWS\SYSTEM32\dbgcore.DLL
0x00007ffae4ea0000 - 0x00007ffae4f39000 	C:\WINDOWS\System32\bcryptPrimitives.dll
0x00007ffa8e370000 - 0x00007ffa8e37f000 	c:\Users\fatta\.vscode\extensions\redhat.java-1.42.0-win32-x64\jre\21.0.7-win32-x86_64\bin\instrument.dll
0x00007ffa753d0000 - 0x00007ffa753ef000 	c:\Users\fatta\.vscode\extensions\redhat.java-1.42.0-win32-x64\jre\21.0.7-win32-x86_64\bin\java.dll
0x00007ffae5880000 - 0x00007ffae5fad000 	C:\WINDOWS\System32\SHELL32.dll
0x00007ffae4c90000 - 0x00007ffae4e04000 	C:\WINDOWS\System32\wintypes.dll
0x00007ffae1f90000 - 0x00007ffae27e6000 	C:\WINDOWS\SYSTEM32\windows.storage.dll
0x00007ffae56b0000 - 0x00007ffae579f000 	C:\WINDOWS\System32\SHCORE.dll
0x00007ffae61e0000 - 0x00007ffae6249000 	C:\WINDOWS\System32\shlwapi.dll
0x00007ffae4220000 - 0x00007ffae424f000 	C:\WINDOWS\SYSTEM32\profapi.dll
0x00007ffa753b0000 - 0x00007ffa753c8000 	c:\Users\fatta\.vscode\extensions\redhat.java-1.42.0-win32-x64\jre\21.0.7-win32-x86_64\bin\zip.dll
0x00007ffa8e1b0000 - 0x00007ffa8e1c0000 	C:\Users\fatta\.vscode\extensions\redhat.java-1.42.0-win32-x64\jre\21.0.7-win32-x86_64\bin\net.dll
0x00007ffada930000 - 0x00007ffadaa4e000 	C:\WINDOWS\SYSTEM32\WINHTTP.dll
0x00007ffae3760000 - 0x00007ffae37ca000 	C:\WINDOWS\system32\mswsock.dll
0x00007ffa75390000 - 0x00007ffa753a6000 	C:\Users\fatta\.vscode\extensions\redhat.java-1.42.0-win32-x64\jre\21.0.7-win32-x86_64\bin\nio.dll
0x00007ffa8a7a0000 - 0x00007ffa8a7b0000 	c:\Users\fatta\.vscode\extensions\redhat.java-1.42.0-win32-x64\jre\21.0.7-win32-x86_64\bin\verify.dll
0x00007ffa72220000 - 0x00007ffa72265000 	C:\Users\fatta\AppData\Roaming\Code\User\globalStorage\redhat.java\1.42.0\config_win\org.eclipse.equinox.launcher\org.eclipse.equinox.launcher.win32.win32.x86_64_1.2.1300.v20250331-1702\eclipse_11911.dll
0x00007ffae6f70000 - 0x00007ffae710f000 	C:\WINDOWS\System32\ole32.dll
0x00007ffae3a00000 - 0x00007ffae3a1c000 	C:\WINDOWS\SYSTEM32\CRYPTSP.dll
0x00007ffae3170000 - 0x00007ffae31aa000 	C:\WINDOWS\system32\rsaenh.dll
0x00007ffae3800000 - 0x00007ffae382b000 	C:\WINDOWS\SYSTEM32\USERENV.dll
0x00007ffae41f0000 - 0x00007ffae4216000 	C:\WINDOWS\SYSTEM32\bcrypt.dll
0x00007ffae3a20000 - 0x00007ffae3a2c000 	C:\WINDOWS\SYSTEM32\CRYPTBASE.dll
0x00007ffae2bd0000 - 0x00007ffae2c03000 	C:\WINDOWS\SYSTEM32\IPHLPAPI.DLL
0x00007ffae5fb0000 - 0x00007ffae5fba000 	C:\WINDOWS\System32\NSI.dll
0x00007ffa56b30000 - 0x00007ffa56b79000 	C:\Users\fatta\AppData\Local\Temp\jna-97204038\jna15584060062670533425.dll
0x00007ffae7120000 - 0x00007ffae7128000 	C:\WINDOWS\System32\PSAPI.DLL
0x00007ffadaae0000 - 0x00007ffadaaff000 	C:\WINDOWS\SYSTEM32\dhcpcsvc6.DLL
0x00007ffadaab0000 - 0x00007ffadaad5000 	C:\WINDOWS\SYSTEM32\dhcpcsvc.DLL
0x00007ffa89a40000 - 0x00007ffa89a4e000 	C:\Users\fatta\.vscode\extensions\redhat.java-1.42.0-win32-x64\jre\21.0.7-win32-x86_64\bin\sunmscapi.dll
0x00007ffae4540000 - 0x00007ffae46b7000 	C:\WINDOWS\System32\CRYPT32.dll
0x00007ffae3c10000 - 0x00007ffae3c40000 	C:\WINDOWS\SYSTEM32\ncrypt.dll
0x00007ffae3bc0000 - 0x00007ffae3bff000 	C:\WINDOWS\SYSTEM32\NTASN1.dll
0x00007ffadb780000 - 0x00007ffadb789000 	C:\Users\fatta\.vscode\extensions\redhat.java-1.42.0-win32-x64\jre\21.0.7-win32-x86_64\bin\extnet.dll

dbghelp: loaded successfully - version: 4.0.5 - missing functions: none
symbol engine: initialized successfully - sym options: 0x614 - pdb path: .;c:\Users\fatta\.vscode\extensions\redhat.java-1.42.0-win32-x64\jre\21.0.7-win32-x86_64\bin;C:\WINDOWS\SYSTEM32;C:\WINDOWS\WinSxS\amd64_microsoft.windows.common-controls_6595b64144ccf1df_6.0.26100.3912_none_3e07963ce335137e;c:\Users\fatta\.vscode\extensions\redhat.java-1.42.0-win32-x64\jre\21.0.7-win32-x86_64\bin\server;C:\Users\fatta\AppData\Roaming\Code\User\globalStorage\redhat.java\1.42.0\config_win\org.eclipse.equinox.launcher\org.eclipse.equinox.launcher.win32.win32.x86_64_1.2.1300.v20250331-1702;C:\Users\fatta\AppData\Local\Temp\jna-97204038

VM Arguments:
jvm_args: --add-modules=ALL-SYSTEM --add-opens=java.base/java.util=ALL-UNNAMED --add-opens=java.base/java.lang=ALL-UNNAMED --add-opens=java.base/sun.nio.fs=ALL-UNNAMED -Declipse.application=org.eclipse.jdt.ls.core.id1 -Dosgi.bundles.defaultStartLevel=4 -Declipse.product=org.eclipse.jdt.ls.core.product -Djava.import.generatesMetadataFilesAtProjectRoot=false -DDetectVMInstallationsJob.disabled=true -Dfile.encoding=utf8 -XX:+UseParallelGC -XX:GCTimeRatio=4 -XX:AdaptiveSizePolicyWeight=90 -Dsun.zip.disableMemoryMapping=true -Xmx2G -Xms100m -Xlog:disable -javaagent:c:\Users\fatta\.vscode\extensions\redhat.java-1.42.0-win32-x64\lombok\lombok-1.18.36.jar -XX:+HeapDumpOnOutOfMemoryError -XX:HeapDumpPath=c:\Users\fatta\AppData\Roaming\Code\User\workspaceStorage\6e9fd867fd24e49a0e2b21e295788904\redhat.java -Daether.dependencyCollector.impl=bf 
java_command: c:\Users\fatta\.vscode\extensions\redhat.java-1.42.0-win32-x64\server\plugins\org.eclipse.equinox.launcher_1.7.0.v20250424-1814.jar -configuration c:\Users\fatta\AppData\Roaming\Code\User\globalStorage\redhat.java\1.42.0\config_win -data c:\Users\fatta\AppData\Roaming\Code\User\workspaceStorage\6e9fd867fd24e49a0e2b21e295788904\redhat.java\jdt_ws --pipe=\\.\pipe\lsp-2bfcfcdcfcbb80426caf10b14277fc77-sock
java_class_path (initial): c:\Users\fatta\.vscode\extensions\redhat.java-1.42.0-win32-x64\server\plugins\org.eclipse.equinox.launcher_1.7.0.v20250424-1814.jar
Launcher Type: SUN_STANDARD

[Global flags]
    uintx AdaptiveSizePolicyWeight                 = 90                                        {product} {command line}
     intx CICompilerCount                          = 12                                        {product} {ergonomic}
    uintx GCTimeRatio                              = 4                                         {product} {command line}
     bool HeapDumpOnOutOfMemoryError               = true                                   {manageable} {command line}
    ccstr HeapDumpPath                             = c:\Users\fatta\AppData\Roaming\Code\User\workspaceStorage\6e9fd867fd24e49a0e2b21e295788904\redhat.java         {manageable} {command line}
   size_t InitialHeapSize                          = 104857600                                 {product} {command line}
   size_t MaxHeapSize                              = 2147483648                                {product} {command line}
   size_t MaxNewSize                               = 715653120                                 {product} {ergonomic}
   size_t MinHeapDeltaBytes                        = 524288                                    {product} {ergonomic}
   size_t MinHeapSize                              = 104857600                                 {product} {command line}
   size_t NewSize                                  = 34603008                                  {product} {ergonomic}
    uintx NonNMethodCodeHeapSize                   = 7602480                                {pd product} {ergonomic}
    uintx NonProfiledCodeHeapSize                  = 122027880                              {pd product} {ergonomic}
   size_t OldSize                                  = 70254592                                  {product} {ergonomic}
    uintx ProfiledCodeHeapSize                     = 122027880                              {pd product} {ergonomic}
    uintx ReservedCodeCacheSize                    = 251658240                              {pd product} {ergonomic}
     bool SegmentedCodeCache                       = true                                      {product} {ergonomic}
   size_t SoftMaxHeapSize                          = 2147483648                             {manageable} {ergonomic}
     bool UseCompressedOops                        = true                           {product lp64_product} {ergonomic}
     bool UseLargePagesIndividualAllocation        = false                                  {pd product} {ergonomic}
     bool UseParallelGC                            = true                                      {product} {command line}

Logging:
Log output configuration:
 #0: stdout all=off uptime,level,tags foldmultilines=false
 #1: stderr all=off uptime,level,tags foldmultilines=false

Environment Variables:
JAVA_HOME=C:\Program Files\Java\jdk-17
PATH=C:\app\fatta\product\21c\dbhomeXE\bin;C:\Program Files\Java\jdk-17\bin;C:\Program Files\Java\jdk-17;C:\Program Files\Common Files\Oracle\Java\javapath;C:\Program Files (x86)\Common Files\Oracle\Java\java8path;C:\Program Files (x86)\Common Files\Oracle\Java\javapath;C:\Python312\Scripts\;C:\Python312\;C:\WINDOWS\system32;C:\WINDOWS;C:\WINDOWS\System32\Wbem;C:\WINDOWS\System32\WindowsPowerShell\v1.0\;C:\WINDOWS\System32\OpenSSH\;C:\Program Files\dotnet\;C:\ProgramData\chocolatey\bin;C:\Program Files\nodejs\;C:\Program Files (x86)\NVIDIA Corporation\PhysX\Common;C:\Program Files (x86)\xanpp\php;C:\Program Files\NVIDIA Corporation\NVIDIA app\NvDLISR;D:\Fattah\College APP\xampp\php;C:\ProgramData\ComposerSetup\bin;D:\Fattah\College APP\CoIDE_V2Beta\gcc\bin;D:\Fattah\College APP\CoIDE_V2Beta\bin;D:\Fattah\KULIAH\Semester 6\Praktikum Sistem Basis Data\Modul 4\ngrok-v3-stable-windows-amd64\ngrok-v3-stable-windows-amd64;C:\Program Files\Git\cmd;C:\Program Files (x86)\GNU Tools ARM Embedded\5.4 2016q3\bin;C:\Users\fatta\.console-ninja\.bin;C:\Users\fatta\AppData\Local\Microsoft\WindowsApps;C:\Users\fatta\AppData\Local\Muse Hub\lib;D:\Fattah\College APP\Microsoft VS Code\bin;C:\Users\fatta\AppData\Roaming\npm;C:\Users\fatta\AppData\Roaming\Local\Android\Sdk;C:\flutter\src\flutter\bin;C:\Users\fatta\AppData\Local\Android\Sdk;C:\Program Files\Java\jdk-23\bin;C:\Users\fatta\AppData\Local\Programs\mongosh\;C:\Users\fatta\AppData\Local\Microsoft\WindowsApps;C:\Users\fatta\.lmstudio\bin;C:\Users\fatta\AppData\Roaming\Composer\vendor\bin
USERNAME=fatta
OS=Windows_NT
PROCESSOR_IDENTIFIER=Intel64 Family 6 Model 183 Stepping 1, GenuineIntel
TMP=C:\Users\fatta\AppData\Local\Temp
TEMP=C:\Users\fatta\AppData\Local\Temp




Periodic native trim disabled

---------------  S Y S T E M  ---------------

OS:
 Windows 11 , 64 bit Build 26100 (10.0.26100.3912)
OS uptime: 0 days 1:03 hours
Hyper-V role detected

CPU: total 16 (initial active 16) (8 cores per cpu, 2 threads per core) family 6 model 183 stepping 1 microcode 0x125, cx8, cmov, fxsr, ht, mmx, 3dnowpref, sse, sse2, sse3, ssse3, sse4.1, sse4.2, popcnt, lzcnt, tsc, tscinvbit, avx, avx2, aes, erms, clmul, bmi1, bmi2, adx, sha, fma, vzeroupper, clflush, clflushopt, clwb, hv, serialize, rdtscp, rdpid, fsrm, f16c, cet_ibt, cet_ss
Processor Information for processor 0
  Max Mhz: 2400, Current Mhz: 2400, Mhz Limit: 2400
Processor Information for processor 1
  Max Mhz: 2400, Current Mhz: 2400, Mhz Limit: 2400
Processor Information for processor 2
  Max Mhz: 2400, Current Mhz: 2400, Mhz Limit: 2400
Processor Information for processor 3
  Max Mhz: 2400, Current Mhz: 2400, Mhz Limit: 2400
Processor Information for processor 4
  Max Mhz: 2400, Current Mhz: 2400, Mhz Limit: 2400
Processor Information for processor 5
  Max Mhz: 2400, Current Mhz: 2400, Mhz Limit: 2400
Processor Information for processor 6
  Max Mhz: 2400, Current Mhz: 2400, Mhz Limit: 2400
Processor Information for processor 7
  Max Mhz: 2400, Current Mhz: 2400, Mhz Limit: 2400
Processor Information for processor 8
  Max Mhz: 2400, Current Mhz: 2400, Mhz Limit: 2400
Processor Information for processor 9
  Max Mhz: 2400, Current Mhz: 2400, Mhz Limit: 2400
Processor Information for processor 10
  Max Mhz: 2400, Current Mhz: 2400, Mhz Limit: 2400
Processor Information for processor 11
  Max Mhz: 2400, Current Mhz: 2400, Mhz Limit: 2400
Processor Information for processor 12
  Max Mhz: 2400, Current Mhz: 1466, Mhz Limit: 2400
Processor Information for processor 13
  Max Mhz: 2400, Current Mhz: 1466, Mhz Limit: 2400
Processor Information for processor 14
  Max Mhz: 2400, Current Mhz: 1466, Mhz Limit: 2400
Processor Information for processor 15
  Max Mhz: 2400, Current Mhz: 1466, Mhz Limit: 2400

Memory: 4k page, system-wide physical 20187M (6501M free)
TotalPageFile size 20187M (AvailPageFile size 5M)
current process WorkingSet (physical memory assigned to process): 845M, peak: 1804M
current process commit charge ("private bytes"): 1134M, peak: 1872M

vm_info: OpenJDK 64-Bit Server VM (21.0.7+6-LTS) for windows-amd64 JRE (21.0.7+6-LTS), built on 2025-04-15T00:00:00Z by "admin" with MS VC++ 17.7 (VS2022)

END.
