#
# There is insufficient memory for the Java Runtime Environment to continue.
# Native memory allocation (malloc) failed to allocate 1558096 bytes. Error detail: Chunk::new
# Possible reasons:
#   The system is out of physical RAM or swap space
#   This process is running with CompressedOops enabled, and the Java Heap may be blocking the growth of the native heap
# Possible solutions:
#   Reduce memory load on the system
#   Increase physical memory or swap space
#   Check if swap backing store is full
#   Decrease Java heap size (-Xmx/-Xms)
#   Decrease number of Java threads
#   Decrease Java thread stack sizes (-Xss)
#   Set larger code cache with -XX:ReservedCodeCacheSize=
#   JVM is running with Unscaled Compressed Oops mode in which the Java heap is
#     placed in the first 4GB address space. The Java Heap base address is the
#     maximum limit for the native heap growth. Please use -XX:HeapBaseMinAddress
#     to set the Java Heap base and to place the Java Heap above 4GB virtual address.
# This output file may be truncated or incomplete.
#
#  Out of Memory Error (arena.cpp:168), pid=19796, tid=10668
#
# JRE version: OpenJDK Runtime Environment Temurin-21.0.7+6 (21.0.7+6) (build 21.0.7+6-LTS)
# Java VM: OpenJDK 64-Bit Server VM Temurin-21.0.7+6 (21.0.7+6-LTS, mixed mode, sharing, tiered, compressed oops, compressed class ptrs, parallel gc, windows-amd64)
# No core dump will be written. Minidumps are not enabled by default on client versions of Windows
#

---------------  S U M M A R Y ------------

Command Line: --add-modules=ALL-SYSTEM --add-opens=java.base/java.util=ALL-UNNAMED --add-opens=java.base/java.lang=ALL-UNNAMED --add-opens=java.base/sun.nio.fs=ALL-UNNAMED -Declipse.application=org.eclipse.jdt.ls.core.id1 -Dosgi.bundles.defaultStartLevel=4 -Declipse.product=org.eclipse.jdt.ls.core.product -Djava.import.generatesMetadataFilesAtProjectRoot=false -DDetectVMInstallationsJob.disabled=true -Dfile.encoding=utf8 -XX:+UseParallelGC -XX:GCTimeRatio=4 -XX:AdaptiveSizePolicyWeight=90 -Dsun.zip.disableMemoryMapping=true -Xmx2G -Xms100m -Xlog:disable -javaagent:c:\Users\fatta\.vscode\extensions\redhat.java-1.42.0-win32-x64\lombok\lombok-1.18.36.jar -XX:+HeapDumpOnOutOfMemoryError -XX:HeapDumpPath=c:\Users\fatta\AppData\Roaming\Code\User\workspaceStorage\6e9fd867fd24e49a0e2b21e295788904\redhat.java -Daether.dependencyCollector.impl=bf c:\Users\fatta\.vscode\extensions\redhat.java-1.42.0-win32-x64\server\plugins\org.eclipse.equinox.launcher_1.7.0.v20250424-1814.jar -configuration c:\Users\fatta\AppData\Roaming\Code\User\globalStorage\redhat.java\1.42.0\config_win -data c:\Users\fatta\AppData\Roaming\Code\User\workspaceStorage\6e9fd867fd24e49a0e2b21e295788904\redhat.java\jdt_ws --pipe=\\.\pipe\lsp-03003fbe1390dc6f707c383c9008820c-sock

Host: 13th Gen Intel(R) Core(TM) i5-13450HX, 16 cores, 19G,  Windows 11 , 64 bit Build 26100 (10.0.26100.3912)
Time: Sat May 17 21:05:32 2025 SE Asia Standard Time elapsed time: 3867.638381 seconds (0d 1h 4m 27s)

---------------  T H R E A D  ---------------

Current thread (0x00000237145221b0):  JavaThread "C2 CompilerThread1" daemon [_thread_in_native, id=10668, stack(0x000000d450f00000,0x000000d451000000) (1024K)]


Current CompileTask:
C2:3867638 27200   !   4       org.eclipse.jdt.internal.core.util.Util::getUnresolvedJavaElement (574 bytes)

Stack: [0x000000d450f00000,0x000000d451000000]
Native frames: (J=compiled Java code, j=interpreted, Vv=VM code, C=native code)
V  [jvm.dll+0x6ce119]
V  [jvm.dll+0x8a84a1]
V  [jvm.dll+0x8aa9ce]
V  [jvm.dll+0x8ab0b3]
V  [jvm.dll+0x27f8a6]
V  [jvm.dll+0xc507d]
V  [jvm.dll+0xc55b3]
V  [jvm.dll+0x3b68f2]
V  [jvm.dll+0x382aa5]
V  [jvm.dll+0x381f0a]
V  [jvm.dll+0x247af0]
V  [jvm.dll+0x2470cf]
V  [jvm.dll+0x1c760e]
V  [jvm.dll+0x25695a]
V  [jvm.dll+0x254efa]
V  [jvm.dll+0x3f03f6]
V  [jvm.dll+0x851f6b]
V  [jvm.dll+0x6cc7dd]
C  [ucrtbase.dll+0x37b0]
C  [KERNEL32.DLL+0x2e8d7]
C  [ntdll.dll+0x9c5dc]


---------------  P R O C E S S  ---------------

Threads class SMR info:
_java_thread_list=0x00000237167acd40, length=104, elements={
0x00000236b32221b0, 0x00000236b31ce840, 0x000002370c28ac40, 0x000002370c28d3e0,
0x000002370c2901b0, 0x000002370c28e7d0, 0x000002370c28f350, 0x000002370c2a0a70,
0x000002370c2d2840, 0x000002370c396b40, 0x0000023712025200, 0x00000237127fe700,
0x00000237125f47d0, 0x0000023712b83980, 0x0000023712b83fe0, 0x0000023712a8aa00,
0x000002370c356180, 0x0000023712665200, 0x0000023712662aa0, 0x0000023712662410,
0x000002371591a820, 0x0000023715919470, 0x00000237159180c0, 0x000002371591bbd0,
0x000002371591a190, 0x0000023715919b00, 0x0000023715918750, 0x000002371591c260,
0x000002371591aeb0, 0x000002371591b540, 0x0000023715918de0, 0x000002371591c8f0,
0x000002371591e9c0, 0x000002371591cf80, 0x000002371591d610, 0x000002371591dca0,
0x000002371591f6e0, 0x000002371591e330, 0x0000023714b64d60, 0x0000023714b653f0,
0x0000023717020070, 0x0000023717023b80, 0x0000023714b66e30, 0x0000023714152a40,
0x0000023721fea6c0, 0x0000023721fe7f60, 0x0000023721fece20, 0x0000023721feba70,
0x0000023721fed4b0, 0x0000023714b646d0, 0x0000023714b681e0, 0x0000023714b65a80,
0x0000023714b66110, 0x0000023714b6a940, 0x0000023714b64040, 0x0000023714b68870,
0x0000023714b6afd0, 0x0000023714b67b50, 0x000002371414d4f0, 0x000002371414ef30,
0x000002371414e210, 0x000002371414e8a0, 0x000002371414f5c0, 0x000002371414fc50,
0x000002371414c7d0, 0x0000023714153760, 0x00000237141502e0, 0x0000023714151000,
0x0000023714151690, 0x00000237141523b0, 0x0000023714151d20, 0x000002372348d420,
0x000002372348e7d0, 0x000002372348e140, 0x000002372348c070, 0x000002372348dab0,
0x000002372348cd90, 0x000002372348b9e0, 0x000002372348ee60, 0x000002372348f4f0,
0x00000237234908a0, 0x0000023723490f30, 0x0000023721fedb40, 0x0000023721fec790,
0x0000023721fee860, 0x0000023721feb3e0, 0x0000023721fee1d0, 0x0000023721feeef0,
0x0000023721fef580, 0x0000023712663130, 0x0000023712663e50, 0x00000237126644e0,
0x00000237126637c0, 0x0000023712664b70, 0x0000023717024210, 0x0000023717020d90,
0x0000023717021420, 0x0000023717025c50, 0x00000237154873f0, 0x0000023715488e30,
0x0000023714b68f00, 0x000002371613b560, 0x000002371613e350, 0x00000237145221b0
}

Java Threads: ( => current thread )
  0x00000236b32221b0 JavaThread "main"                              [_thread_blocked, id=17312, stack(0x000000d44ed00000,0x000000d44ee00000) (1024K)]
  0x00000236b31ce840 JavaThread "Reference Handler"          daemon [_thread_blocked, id=17748, stack(0x000000d44f100000,0x000000d44f200000) (1024K)]
  0x000002370c28ac40 JavaThread "Finalizer"                  daemon [_thread_blocked, id=17880, stack(0x000000d44f200000,0x000000d44f300000) (1024K)]
  0x000002370c28d3e0 JavaThread "Signal Dispatcher"          daemon [_thread_blocked, id=9092, stack(0x000000d44f300000,0x000000d44f400000) (1024K)]
  0x000002370c2901b0 JavaThread "Attach Listener"            daemon [_thread_blocked, id=18172, stack(0x000000d44f400000,0x000000d44f500000) (1024K)]
  0x000002370c28e7d0 JavaThread "Service Thread"             daemon [_thread_blocked, id=12700, stack(0x000000d44f500000,0x000000d44f600000) (1024K)]
  0x000002370c28f350 JavaThread "Monitor Deflation Thread"   daemon [_thread_blocked, id=3104, stack(0x000000d44f600000,0x000000d44f700000) (1024K)]
  0x000002370c2a0a70 JavaThread "C2 CompilerThread0"         daemon [_thread_blocked, id=12612, stack(0x000000d44f700000,0x000000d44f800000) (1024K)]
  0x000002370c2d2840 JavaThread "C1 CompilerThread0"         daemon [_thread_blocked, id=12548, stack(0x000000d44f800000,0x000000d44f900000) (1024K)]
  0x000002370c396b40 JavaThread "Common-Cleaner"             daemon [_thread_blocked, id=12532, stack(0x000000d44f900000,0x000000d44fa00000) (1024K)]
  0x0000023712025200 JavaThread "Notification Thread"        daemon [_thread_blocked, id=21052, stack(0x000000d44fe00000,0x000000d44ff00000) (1024K)]
  0x00000237127fe700 JavaThread "Active Thread: Equinox Container: 1fa54bbf-07a6-4a01-94b9-8fcab3bde173"        [_thread_blocked, id=21144, stack(0x000000d450800000,0x000000d450900000) (1024K)]
  0x00000237125f47d0 JavaThread "Refresh Thread: Equinox Container: 1fa54bbf-07a6-4a01-94b9-8fcab3bde173" daemon [_thread_blocked, id=4592, stack(0x000000d44fa00000,0x000000d44fb00000) (1024K)]
  0x0000023712b83980 JavaThread "Framework Event Dispatcher: Equinox Container: 1fa54bbf-07a6-4a01-94b9-8fcab3bde173" daemon [_thread_blocked, id=21164, stack(0x000000d44fb00000,0x000000d44fc00000) (1024K)]
  0x0000023712b83fe0 JavaThread "Start Level: Equinox Container: 1fa54bbf-07a6-4a01-94b9-8fcab3bde173" daemon [_thread_blocked, id=21196, stack(0x000000d44fc00000,0x000000d44fd00000) (1024K)]
  0x0000023712a8aa00 JavaThread "Bundle File Closer"         daemon [_thread_blocked, id=17540, stack(0x000000d450a00000,0x000000d450b00000) (1024K)]
  0x000002370c356180 JavaThread "SCR Component Actor"        daemon [_thread_blocked, id=20032, stack(0x000000d44fd00000,0x000000d44fe00000) (1024K)]
  0x0000023712665200 JavaThread "Worker-JM"                         [_thread_blocked, id=17972, stack(0x000000d451300000,0x000000d451400000) (1024K)]
  0x0000023712662aa0 JavaThread "JNA Cleaner"                daemon [_thread_blocked, id=14548, stack(0x000000d451200000,0x000000d451300000) (1024K)]
  0x0000023712662410 JavaThread "Java indexing"              daemon [_thread_blocked, id=18004, stack(0x000000d451800000,0x000000d451900000) (1024K)]
  0x000002371591a820 JavaThread "Thread-2"                   daemon [_thread_in_native, id=12816, stack(0x000000d451d00000,0x000000d451e00000) (1024K)]
  0x0000023715919470 JavaThread "Thread-3"                   daemon [_thread_in_native, id=20540, stack(0x000000d451e00000,0x000000d451f00000) (1024K)]
  0x00000237159180c0 JavaThread "Thread-4"                   daemon [_thread_in_native, id=12916, stack(0x000000d451f00000,0x000000d452000000) (1024K)]
  0x000002371591bbd0 JavaThread "Thread-5"                   daemon [_thread_in_native, id=12684, stack(0x000000d452000000,0x000000d452100000) (1024K)]
  0x000002371591a190 JavaThread "Thread-6"                   daemon [_thread_in_native, id=12672, stack(0x000000d452100000,0x000000d452200000) (1024K)]
  0x0000023715919b00 JavaThread "Thread-7"                   daemon [_thread_in_native, id=13036, stack(0x000000d452200000,0x000000d452300000) (1024K)]
  0x0000023715918750 JavaThread "Thread-8"                   daemon [_thread_in_native, id=20800, stack(0x000000d452300000,0x000000d452400000) (1024K)]
  0x000002371591c260 JavaThread "Thread-9"                   daemon [_thread_in_native, id=19384, stack(0x000000d452400000,0x000000d452500000) (1024K)]
  0x000002371591aeb0 JavaThread "Thread-10"                  daemon [_thread_in_native, id=8664, stack(0x000000d452500000,0x000000d452600000) (1024K)]
  0x000002371591b540 JavaThread "Thread-11"                  daemon [_thread_in_native, id=8908, stack(0x000000d452600000,0x000000d452700000) (1024K)]
  0x0000023715918de0 JavaThread "Thread-12"                  daemon [_thread_in_native, id=7904, stack(0x000000d452700000,0x000000d452800000) (1024K)]
  0x000002371591c8f0 JavaThread "Thread-13"                  daemon [_thread_in_native, id=19196, stack(0x000000d452800000,0x000000d452900000) (1024K)]
  0x000002371591e9c0 JavaThread "Thread-14"                  daemon [_thread_in_native, id=8220, stack(0x000000d452900000,0x000000d452a00000) (1024K)]
  0x000002371591cf80 JavaThread "Thread-15"                  daemon [_thread_in_native, id=14008, stack(0x000000d452a00000,0x000000d452b00000) (1024K)]
  0x000002371591d610 JavaThread "Thread-16"                  daemon [_thread_in_native, id=13660, stack(0x000000d452b00000,0x000000d452c00000) (1024K)]
  0x000002371591dca0 JavaThread "Thread-17"                  daemon [_thread_in_native, id=8540, stack(0x000000d452c00000,0x000000d452d00000) (1024K)]
  0x000002371591f6e0 JavaThread "Thread-18"                  daemon [_thread_in_native, id=10024, stack(0x000000d452d00000,0x000000d452e00000) (1024K)]
  0x000002371591e330 JavaThread "pool-2-thread-1"                   [_thread_blocked, id=11628, stack(0x000000d452e00000,0x000000d452f00000) (1024K)]
  0x0000023714b64d60 JavaThread "WorkspaceEventsHandler"            [_thread_blocked, id=13612, stack(0x000000d453200000,0x000000d453300000) (1024K)]
  0x0000023714b653f0 JavaThread "pool-1-thread-1"                   [_thread_blocked, id=4380, stack(0x000000d453300000,0x000000d453400000) (1024K)]
  0x0000023717020070 JavaThread "Cleaner-0"                  daemon [_thread_blocked, id=4472, stack(0x000000d451100000,0x000000d451200000) (1024K)]
  0x0000023717023b80 JavaThread "ForkJoinPool.commonPool-worker-16" daemon [_thread_blocked, id=15576, stack(0x000000d44ec00000,0x000000d44ed00000) (1024K)]
  0x0000023714b66e30 JavaThread "ForkJoinPool.commonPool-worker-18" daemon [_thread_blocked, id=18796, stack(0x000000d450c00000,0x000000d450d00000) (1024K)]
  0x0000023714152a40 JavaThread "Worker-5"                          [_thread_blocked, id=21604, stack(0x000000d451000000,0x000000d451100000) (1024K)]
  0x0000023721fea6c0 JavaThread "ForkJoinPool.commonPool-worker-21" daemon [_thread_blocked, id=22028, stack(0x000000d454e00000,0x000000d454f00000) (1024K)]
  0x0000023721fe7f60 JavaThread "ForkJoinPool.commonPool-worker-22" daemon [_thread_blocked, id=23128, stack(0x000000d454f00000,0x000000d455000000) (1024K)]
  0x0000023721fece20 JavaThread "ForkJoinPool.commonPool-worker-23" daemon [_thread_blocked, id=13996, stack(0x000000d455000000,0x000000d455100000) (1024K)]
  0x0000023721feba70 JavaThread "ForkJoinPool.commonPool-worker-28" daemon [_thread_blocked, id=21372, stack(0x000000d456300000,0x000000d456400000) (1024K)]
  0x0000023721fed4b0 JavaThread "ForkJoinPool.commonPool-worker-29" daemon [_thread_blocked, id=23040, stack(0x000000d456500000,0x000000d456600000) (1024K)]
  0x0000023714b646d0 JavaThread "Worker-8"                          [_thread_blocked, id=6472, stack(0x000000d44eb00000,0x000000d44ec00000) (1024K)]
  0x0000023714b681e0 JavaThread "Compiler Source File Reader" daemon [_thread_blocked, id=11684, stack(0x000000d450e00000,0x000000d450f00000) (1024K)]
  0x0000023714b65a80 JavaThread "Compiler Source File Reader" daemon [_thread_blocked, id=16496, stack(0x000000d451500000,0x000000d451600000) (1024K)]
  0x0000023714b66110 JavaThread "Compiler Source File Reader" daemon [_thread_blocked, id=21648, stack(0x000000d451600000,0x000000d451700000) (1024K)]
  0x0000023714b6a940 JavaThread "Compiler Source File Reader" daemon [_thread_blocked, id=21980, stack(0x000000d451700000,0x000000d451800000) (1024K)]
  0x0000023714b64040 JavaThread "Compiler Source File Reader" daemon [_thread_blocked, id=22904, stack(0x000000d450b00000,0x000000d450c00000) (1024K)]
  0x0000023714b68870 JavaThread "Compiler Processing Task"   daemon [_thread_blocked, id=13816, stack(0x000000d451a00000,0x000000d451b00000) (1024K)]
  0x0000023714b6afd0 JavaThread "Worker-9"                          [_thread_blocked, id=19680, stack(0x000000d451b00000,0x000000d451c00000) (1024K)]
  0x0000023714b67b50 JavaThread "Compiler Source File Reader" daemon [_thread_blocked, id=23308, stack(0x000000d44ea00000,0x000000d44eb00000) (1024K)]
  0x000002371414d4f0 JavaThread "Worker-10"                         [_thread_blocked, id=21724, stack(0x000000d453000000,0x000000d453100000) (1024K)]
  0x000002371414ef30 JavaThread "LocalFile Deleter"          daemon [_thread_blocked, id=21508, stack(0x000000d451c00000,0x000000d451d00000) (1024K)]
  0x000002371414e210 JavaThread "LocalFile Deleter"          daemon [_thread_blocked, id=15516, stack(0x000000d453400000,0x000000d453500000) (1024K)]
  0x000002371414e8a0 JavaThread "LocalFile Deleter"          daemon [_thread_blocked, id=6648, stack(0x000000d453700000,0x000000d453800000) (1024K)]
  0x000002371414f5c0 JavaThread "LocalFile Deleter"          daemon [_thread_blocked, id=12932, stack(0x000000d453900000,0x000000d453a00000) (1024K)]
  0x000002371414fc50 JavaThread "LocalFile Deleter"          daemon [_thread_blocked, id=18588, stack(0x000000d453a00000,0x000000d453b00000) (1024K)]
  0x000002371414c7d0 JavaThread "LocalFile Deleter"          daemon [_thread_blocked, id=13232, stack(0x000000d453b00000,0x000000d453c00000) (1024K)]
  0x0000023714153760 JavaThread "LocalFile Deleter"          daemon [_thread_blocked, id=9972, stack(0x000000d453c00000,0x000000d453d00000) (1024K)]
  0x00000237141502e0 JavaThread "LocalFile Deleter"          daemon [_thread_blocked, id=4112, stack(0x000000d453d00000,0x000000d453e00000) (1024K)]
  0x0000023714151000 JavaThread "LocalFile Deleter"          daemon [_thread_blocked, id=22404, stack(0x000000d453f00000,0x000000d454000000) (1024K)]
  0x0000023714151690 JavaThread "LocalFile Deleter"          daemon [_thread_blocked, id=15164, stack(0x000000d454000000,0x000000d454100000) (1024K)]
  0x00000237141523b0 JavaThread "LocalFile Deleter"          daemon [_thread_blocked, id=10700, stack(0x000000d454100000,0x000000d454200000) (1024K)]
  0x0000023714151d20 JavaThread "LocalFile Deleter"          daemon [_thread_blocked, id=3516, stack(0x000000d454200000,0x000000d454300000) (1024K)]
  0x000002372348d420 JavaThread "LocalFile Deleter"          daemon [_thread_blocked, id=6520, stack(0x000000d454300000,0x000000d454400000) (1024K)]
  0x000002372348e7d0 JavaThread "Compiler Source File Reader" daemon [_thread_blocked, id=22936, stack(0x000000d454400000,0x000000d454500000) (1024K)]
  0x000002372348e140 JavaThread "Compiler Source File Reader" daemon [_thread_blocked, id=6176, stack(0x000000d454500000,0x000000d454600000) (1024K)]
  0x000002372348c070 JavaThread "Compiler Source File Reader" daemon [_thread_blocked, id=10608, stack(0x000000d454600000,0x000000d454700000) (1024K)]
  0x000002372348dab0 JavaThread "Compiler Source File Reader" daemon [_thread_blocked, id=20748, stack(0x000000d454700000,0x000000d454800000) (1024K)]
  0x000002372348cd90 JavaThread "Compiler Source File Reader" daemon [_thread_blocked, id=3456, stack(0x000000d454800000,0x000000d454900000) (1024K)]
  0x000002372348b9e0 JavaThread "Compiler Source File Reader" daemon [_thread_blocked, id=14628, stack(0x000000d454900000,0x000000d454a00000) (1024K)]
  0x000002372348ee60 JavaThread "Compiler Source File Reader" daemon [_thread_blocked, id=448, stack(0x000000d454a00000,0x000000d454b00000) (1024K)]
  0x000002372348f4f0 JavaThread "Compiler Source File Reader" daemon [_thread_blocked, id=2672, stack(0x000000d454b00000,0x000000d454c00000) (1024K)]
  0x00000237234908a0 JavaThread "Compiler Class File Writer" daemon [_thread_blocked, id=10808, stack(0x000000d455400000,0x000000d455500000) (1024K)]
  0x0000023723490f30 JavaThread "Compiler Class File Writer" daemon [_thread_blocked, id=13728, stack(0x000000d455500000,0x000000d455600000) (1024K)]
  0x0000023721fedb40 JavaThread "Compiler Class File Writer" daemon [_thread_blocked, id=11548, stack(0x000000d455600000,0x000000d455700000) (1024K)]
  0x0000023721fec790 JavaThread "Compiler Class File Writer" daemon [_thread_blocked, id=7992, stack(0x000000d455700000,0x000000d455800000) (1024K)]
  0x0000023721fee860 JavaThread "Compiler Class File Writer" daemon [_thread_blocked, id=21712, stack(0x000000d455800000,0x000000d455900000) (1024K)]
  0x0000023721feb3e0 JavaThread "Compiler Class File Writer" daemon [_thread_blocked, id=22136, stack(0x000000d455900000,0x000000d455a00000) (1024K)]
  0x0000023721fee1d0 JavaThread "Compiler Class File Writer" daemon [_thread_blocked, id=16860, stack(0x000000d455a00000,0x000000d455b00000) (1024K)]
  0x0000023721feeef0 JavaThread "Compiler Class File Writer" daemon [_thread_blocked, id=16980, stack(0x000000d455b00000,0x000000d455c00000) (1024K)]
  0x0000023721fef580 JavaThread "Compiler Class File Writer" daemon [_thread_blocked, id=21900, stack(0x000000d455c00000,0x000000d455d00000) (1024K)]
  0x0000023712663130 JavaThread "Compiler Class File Writer" daemon [_thread_blocked, id=9980, stack(0x000000d455d00000,0x000000d455e00000) (1024K)]
  0x0000023712663e50 JavaThread "Compiler Class File Writer" daemon [_thread_blocked, id=10056, stack(0x000000d455e00000,0x000000d455f00000) (1024K)]
  0x00000237126644e0 JavaThread "Compiler Class File Writer" daemon [_thread_blocked, id=3936, stack(0x000000d455f00000,0x000000d456000000) (1024K)]
  0x00000237126637c0 JavaThread "Compiler Class File Writer" daemon [_thread_blocked, id=15644, stack(0x000000d456000000,0x000000d456100000) (1024K)]
  0x0000023712664b70 JavaThread "Compiler Class File Writer" daemon [_thread_blocked, id=23056, stack(0x000000d456100000,0x000000d456200000) (1024K)]
  0x0000023717024210 JavaThread "ForkJoinPool.commonPool-worker-31" daemon [_thread_blocked, id=21888, stack(0x000000d451900000,0x000000d451a00000) (1024K)]
  0x0000023717020d90 JavaThread "ForkJoinPool.commonPool-worker-32" daemon [_thread_blocked, id=23296, stack(0x000000d453100000,0x000000d453200000) (1024K)]
  0x0000023717021420 JavaThread "ForkJoinPool.commonPool-worker-33" daemon [_thread_blocked, id=11804, stack(0x000000d453500000,0x000000d453600000) (1024K)]
  0x0000023717025c50 JavaThread "ForkJoinPool.commonPool-worker-34" daemon [_thread_blocked, id=14224, stack(0x000000d454d00000,0x000000d454e00000) (1024K)]
  0x00000237154873f0 JavaThread "ForkJoinPool.commonPool-worker-35" daemon [_thread_blocked, id=2588, stack(0x000000d455100000,0x000000d455200000) (1024K)]
  0x0000023715488e30 JavaThread "ForkJoinPool.commonPool-worker-36" daemon [_thread_blocked, id=14032, stack(0x000000d455200000,0x000000d455300000) (1024K)]
  0x0000023714b68f00 JavaThread "ForkJoinPool.commonPool-worker-37" daemon [_thread_blocked, id=6528, stack(0x000000d455300000,0x000000d455400000) (1024K)]
  0x000002371613b560 JavaThread "ForkJoinPool.commonPool-worker-38" daemon [_thread_blocked, id=2752, stack(0x000000d456200000,0x000000d456300000) (1024K)]
  0x000002371613e350 JavaThread "LocalFile Deleter"          daemon [_thread_blocked, id=12936, stack(0x000000d452f00000,0x000000d453000000) (1024K)]
=>0x00000237145221b0 JavaThread "C2 CompilerThread1"         daemon [_thread_in_native, id=10668, stack(0x000000d450f00000,0x000000d451000000) (1024K)]
Total: 104

Other Threads:
  0x00000236b32de8b0 VMThread "VM Thread"                           [id=19708, stack(0x000000d44f000000,0x000000d44f100000) (1024K)]
  0x00000236b30aca00 WatcherThread "VM Periodic Task Thread"        [id=20020, stack(0x000000d44ef00000,0x000000d44f000000) (1024K)]
  0x00000236b323f940 WorkerThread "GC Thread#0"                     [id=15760, stack(0x000000d44ee00000,0x000000d44ef00000) (1024K)]
  0x00000237126e7ca0 WorkerThread "GC Thread#1"                     [id=3500, stack(0x000000d450000000,0x000000d450100000) (1024K)]
  0x0000023712662020 WorkerThread "GC Thread#2"                     [id=2568, stack(0x000000d450100000,0x000000d450200000) (1024K)]
  0x0000023712538610 WorkerThread "GC Thread#3"                     [id=3580, stack(0x000000d450200000,0x000000d450300000) (1024K)]
  0x00000237125389b0 WorkerThread "GC Thread#4"                     [id=18836, stack(0x000000d450300000,0x000000d450400000) (1024K)]
  0x00000237120bddf0 WorkerThread "GC Thread#5"                     [id=10392, stack(0x000000d450400000,0x000000d450500000) (1024K)]
  0x00000237125d6570 WorkerThread "GC Thread#6"                     [id=3280, stack(0x000000d450500000,0x000000d450600000) (1024K)]
  0x00000237125d7b30 WorkerThread "GC Thread#7"                     [id=7236, stack(0x000000d450900000,0x000000d450a00000) (1024K)]
  0x00000237125d7050 WorkerThread "GC Thread#8"                     [id=9088, stack(0x000000d44ff00000,0x000000d450000000) (1024K)]
  0x00000237125d73f0 WorkerThread "GC Thread#9"                     [id=20944, stack(0x000000d450600000,0x000000d450700000) (1024K)]
  0x00000237125d7790 WorkerThread "GC Thread#10"                    [id=13108, stack(0x000000d450700000,0x000000d450800000) (1024K)]
  0x000002370c58ed00 WorkerThread "GC Thread#11"                    [id=20484, stack(0x000000d450d00000,0x000000d450e00000) (1024K)]
  0x000002370c58e5c0 WorkerThread "GC Thread#12"                    [id=8308, stack(0x000000d451400000,0x000000d451500000) (1024K)]
Total: 15

Threads with active compile tasks:
C2 CompilerThread1  3867670 27200   !   4       org.eclipse.jdt.internal.core.util.Util::getUnresolvedJavaElement (574 bytes)
Total: 1

VM state: not at safepoint (normal execution)

VM Mutex/Monitor currently owned by a thread: None

Heap address: 0x0000000080000000, size: 2048 MB, Compressed Oops mode: 32-bit

CDS archive(s) mapped at: [0x00000236ca000000-0x00000236caba0000-0x00000236caba0000), size 12189696, SharedBaseAddress: 0x00000236ca000000, ArchiveRelocationMode: 1.
Compressed class space mapped at: 0x00000236cb000000-0x000002370b000000, reserved size: 1073741824
Narrow klass base: 0x00000236ca000000, Narrow klass shift: 0, Narrow klass range: 0x100000000

GC Precious Log:
 CardTable entry size: 512
 CPUs: 16 total, 16 available
 Memory: 20187M
 Large Page Support: Disabled
 NUMA Support: Disabled
 Compressed Oops: Enabled (32-bit)
 Alignments: Space 512K, Generation 512K, Heap 2M
 Heap Min Capacity: 100M
 Heap Initial Capacity: 100M
 Heap Max Capacity: 2G
 Pre-touch: Disabled
 Parallel Workers: 13

Heap:
 PSYoungGen      total 7168K, used 2198K [0x00000000d5580000, 0x00000000d5d80000, 0x0000000100000000)
  eden space 6144K, 20% used [0x00000000d5580000,0x00000000d56c1880,0x00000000d5b80000)
  from space 1024K, 89% used [0x00000000d5c80000,0x00000000d5d64010,0x00000000d5d80000)
  to   space 1024K, 0% used [0x00000000d5b80000,0x00000000d5b80000,0x00000000d5c80000)
 ParOldGen       total 1121792K, used 140988K [0x0000000080000000, 0x00000000c4780000, 0x00000000d5580000)
  object space 1121792K, 12% used [0x0000000080000000,0x00000000889af338,0x00000000c4780000)
 Metaspace       used 89175K, committed 91008K, reserved 1179648K
  class space    used 8462K, committed 9280K, reserved 1048576K

Card table byte_map: [0x00000236b2bc0000,0x00000236b2fd0000] _byte_map_base: 0x00000236b27c0000

Marking Bits: (ParMarkBitMap*) 0x00007ff8f93231f0
 Begin Bits: [0x00000236c56c0000, 0x00000236c76c0000)
 End Bits:   [0x00000236c76c0000, 0x00000236c96c0000)

Polling page: 0x00000236b2800000

Metaspace:

Usage:
  Non-class:     78.82 MB used.
      Class:      8.26 MB used.
       Both:     87.09 MB used.

Virtual space:
  Non-class space:      128.00 MB reserved,      79.81 MB ( 62%) committed,  2 nodes.
      Class space:        1.00 GB reserved,       9.06 MB ( <1%) committed,  1 nodes.
             Both:        1.12 GB reserved,      88.88 MB (  8%) committed. 

Chunk freelists:
   Non-Class:  16.07 MB
       Class:  6.80 MB
        Both:  22.87 MB

MaxMetaspaceSize: unlimited
CompressedClassSpaceSize: 1.00 GB
Initial GC threshold: 21.00 MB
Current GC threshold: 148.12 MB
CDS: on
 - commit_granule_bytes: 65536.
 - commit_granule_words: 8192.
 - virtual_space_node_default_size: 8388608.
 - enlarge_chunks_in_place: 1.
 - use_allocation_guard: 0.


Internal statistics:

num_allocs_failed_limit: 9.
num_arena_births: 1986.
num_arena_deaths: 484.
num_vsnodes_births: 3.
num_vsnodes_deaths: 0.
num_space_committed: 1426.
num_space_uncommitted: 3.
num_chunks_returned_to_freelist: 651.
num_chunks_taken_from_freelist: 6766.
num_chunk_merges: 186.
num_chunk_splits: 3895.
num_chunks_enlarged: 2170.
num_inconsistent_stats: 0.

CodeHeap 'non-profiled nmethods': size=119168Kb used=24987Kb max_used=30698Kb free=94180Kb
 bounds [0x00000236bdfb0000, 0x00000236bfdb0000, 0x00000236c5410000]
CodeHeap 'profiled nmethods': size=119104Kb used=48395Kb max_used=58417Kb free=70708Kb
 bounds [0x00000236b6410000, 0x00000236b9d30000, 0x00000236bd860000]
CodeHeap 'non-nmethods': size=7488Kb used=1490Kb max_used=3250Kb free=5998Kb
 bounds [0x00000236bd860000, 0x00000236bdba0000, 0x00000236bdfb0000]
 total_blobs=20513 nmethods=19706 adapters=707
 compilation: enabled
              stopped_count=0, restarted_count=0
 full_count=0

Compilation events (20 events):
Event: 3866.349 Thread 0x00000237145221b0 27197       4       org.eclipse.jdt.internal.core.CompilationUnit::calculateHashCode (15 bytes)
Event: 3866.352 Thread 0x00000237145221b0 nmethod 27197 0x00000236be011f10 code [0x00000236be0120e0, 0x00000236be012390]
Event: 3866.390 Thread 0x000002370c2a0a70 nmethod 27192 0x00000236bea77610 code [0x00000236bea77a40, 0x00000236bea7a788]
Event: 3866.410 Thread 0x00000237145221b0 27198       4       java.lang.invoke.LambdaForm$MH/0x00000236cb760000::invoke (27 bytes)
Event: 3866.410 Thread 0x000002370c2a0a70 27199       4       org.eclipse.jdt.internal.core.Member::areSimilarMethods (177 bytes)
Event: 3866.416 Thread 0x000002370c2d2840 27201       3       java.lang.invoke.LambdaForm$MH/0x00000236cb8f4400::invoke (42 bytes)
Event: 3866.416 Thread 0x000002370c2d2840 nmethod 27201 0x00000236b65c4a10 code [0x00000236b65c4ca0, 0x00000236b65c5a20]
Event: 3866.416 Thread 0x000002370c2d2840 27202       3       java.lang.invoke.LambdaForm$MH/0x00000236cb8f4800::invoke (42 bytes)
Event: 3866.417 Thread 0x000002370c2d2840 nmethod 27202 0x00000236b6aa5d10 code [0x00000236b6aa5fa0, 0x00000236b6aa6d20]
Event: 3866.417 Thread 0x000002370c2d2840 27203       3       java.lang.invoke.LambdaForm$MH/0x00000236cb8f4c00::invoke (42 bytes)
Event: 3866.418 Thread 0x000002370c2d2840 nmethod 27203 0x00000236b6f9cc90 code [0x00000236b6f9cf20, 0x00000236b6f9dca0]
Event: 3866.418 Thread 0x000002370c2d2840 27204       3       java.lang.invoke.LambdaForm$MH/0x00000236cb8f8000::invoke (42 bytes)
Event: 3866.419 Thread 0x000002370c2d2840 nmethod 27204 0x00000236b6aa1b10 code [0x00000236b6aa1d60, 0x00000236b6aa2800]
Event: 3866.419 Thread 0x000002370c2d2840 27205       3       java.lang.invoke.LambdaForm$MH/0x00000236cb8f8400::invoke (42 bytes)
Event: 3866.419 Thread 0x000002370c2d2840 nmethod 27205 0x00000236b7175f90 code [0x00000236b7176220, 0x00000236b7176fa0]
Event: 3866.419 Thread 0x000002370c2d2840 27206       3       java.lang.invoke.LambdaForm$MH/0x00000236cb8f8800::invoke (42 bytes)
Event: 3866.420 Thread 0x000002370c2d2840 nmethod 27206 0x00000236b73c7510 code [0x00000236b73c77a0, 0x00000236b73c8520]
Event: 3866.424 Thread 0x00000237145221b0 nmethod 27198 0x00000236be416910 code [0x00000236be416be0, 0x00000236be4173d8]
Event: 3866.425 Thread 0x00000237145221b0 27200   !   4       org.eclipse.jdt.internal.core.util.Util::getUnresolvedJavaElement (574 bytes)
Event: 3866.445 Thread 0x000002370c2a0a70 nmethod 27199 0x00000236bef04e90 code [0x00000236bef051a0, 0x00000236bef06cf8]

GC Heap History (20 events):
Event: 3865.724 GC heap before
{Heap before GC invocations=2035 (full 5):
 PSYoungGen      total 8192K, used 7432K [0x00000000d5580000, 0x00000000d5f00000, 0x0000000100000000)
  eden space 7680K, 90% used [0x00000000d5580000,0x00000000d5c49198,0x00000000d5d00000)
  from space 512K, 94% used [0x00000000d5d80000,0x00000000d5df9210,0x00000000d5e00000)
  to   space 1024K, 0% used [0x00000000d5e00000,0x00000000d5e00000,0x00000000d5f00000)
 ParOldGen       total 1121792K, used 967674K [0x0000000080000000, 0x00000000c4780000, 0x00000000d5580000)
  object space 1121792K, 86% used [0x0000000080000000,0x00000000bb0fe950,0x00000000c4780000)
 Metaspace       used 89365K, committed 91072K, reserved 1179648K
  class space    used 8483K, committed 9280K, reserved 1048576K
}
Event: 3865.728 GC heap after
{Heap after GC invocations=2035 (full 5):
 PSYoungGen      total 7680K, used 1008K [0x00000000d5580000, 0x00000000d6100000, 0x0000000100000000)
  eden space 6656K, 0% used [0x00000000d5580000,0x00000000d5580000,0x00000000d5c00000)
  from space 1024K, 98% used [0x00000000d5e00000,0x00000000d5efc010,0x00000000d5f00000)
  to   space 2048K, 0% used [0x00000000d5c00000,0x00000000d5c00000,0x00000000d5e00000)
 ParOldGen       total 1121792K, used 968367K [0x0000000080000000, 0x00000000c4780000, 0x00000000d5580000)
  object space 1121792K, 86% used [0x0000000080000000,0x00000000bb1abd10,0x00000000c4780000)
 Metaspace       used 89365K, committed 91072K, reserved 1179648K
  class space    used 8483K, committed 9280K, reserved 1048576K
}
Event: 3865.785 GC heap before
{Heap before GC invocations=2036 (full 5):
 PSYoungGen      total 7680K, used 7664K [0x00000000d5580000, 0x00000000d6100000, 0x0000000100000000)
  eden space 6656K, 100% used [0x00000000d5580000,0x00000000d5c00000,0x00000000d5c00000)
  from space 1024K, 98% used [0x00000000d5e00000,0x00000000d5efc010,0x00000000d5f00000)
  to   space 2048K, 0% used [0x00000000d5c00000,0x00000000d5c00000,0x00000000d5e00000)
 ParOldGen       total 1121792K, used 968367K [0x0000000080000000, 0x00000000c4780000, 0x00000000d5580000)
  object space 1121792K, 86% used [0x0000000080000000,0x00000000bb1abd10,0x00000000c4780000)
 Metaspace       used 89365K, committed 91072K, reserved 1179648K
  class space    used 8483K, committed 9280K, reserved 1048576K
}
Event: 3865.789 GC heap after
{Heap after GC invocations=2036 (full 5):
 PSYoungGen      total 7680K, used 863K [0x00000000d5580000, 0x00000000d5f00000, 0x0000000100000000)
  eden space 6656K, 0% used [0x00000000d5580000,0x00000000d5580000,0x00000000d5c00000)
  from space 1024K, 84% used [0x00000000d5c00000,0x00000000d5cd7f48,0x00000000d5d00000)
  to   space 1536K, 0% used [0x00000000d5d80000,0x00000000d5d80000,0x00000000d5f00000)
 ParOldGen       total 1121792K, used 969397K [0x0000000080000000, 0x00000000c4780000, 0x00000000d5580000)
  object space 1121792K, 86% used [0x0000000080000000,0x00000000bb2ad4a8,0x00000000c4780000)
 Metaspace       used 89365K, committed 91072K, reserved 1179648K
  class space    used 8483K, committed 9280K, reserved 1048576K
}
Event: 3865.829 GC heap before
{Heap before GC invocations=2037 (full 5):
 PSYoungGen      total 7680K, used 7519K [0x00000000d5580000, 0x00000000d5f00000, 0x0000000100000000)
  eden space 6656K, 100% used [0x00000000d5580000,0x00000000d5c00000,0x00000000d5c00000)
  from space 1024K, 84% used [0x00000000d5c00000,0x00000000d5cd7f48,0x00000000d5d00000)
  to   space 1536K, 0% used [0x00000000d5d80000,0x00000000d5d80000,0x00000000d5f00000)
 ParOldGen       total 1121792K, used 969397K [0x0000000080000000, 0x00000000c4780000, 0x00000000d5580000)
  object space 1121792K, 86% used [0x0000000080000000,0x00000000bb2ad4a8,0x00000000c4780000)
 Metaspace       used 89365K, committed 91072K, reserved 1179648K
  class space    used 8483K, committed 9280K, reserved 1048576K
}
Event: 3865.834 GC heap after
{Heap after GC invocations=2037 (full 5):
 PSYoungGen      total 7680K, used 752K [0x00000000d5580000, 0x00000000d5e80000, 0x0000000100000000)
  eden space 6656K, 0% used [0x00000000d5580000,0x00000000d5580000,0x00000000d5c00000)
  from space 1024K, 73% used [0x00000000d5d80000,0x00000000d5e3c030,0x00000000d5e80000)
  to   space 1024K, 0% used [0x00000000d5c00000,0x00000000d5c00000,0x00000000d5d00000)
 ParOldGen       total 1121792K, used 970085K [0x0000000080000000, 0x00000000c4780000, 0x00000000d5580000)
  object space 1121792K, 86% used [0x0000000080000000,0x00000000bb3594c8,0x00000000c4780000)
 Metaspace       used 89365K, committed 91072K, reserved 1179648K
  class space    used 8483K, committed 9280K, reserved 1048576K
}
Event: 3865.841 GC heap before
{Heap before GC invocations=2038 (full 5):
 PSYoungGen      total 7680K, used 2676K [0x00000000d5580000, 0x00000000d5e80000, 0x0000000100000000)
  eden space 6656K, 28% used [0x00000000d5580000,0x00000000d5760ff8,0x00000000d5c00000)
  from space 1024K, 73% used [0x00000000d5d80000,0x00000000d5e3c030,0x00000000d5e80000)
  to   space 1024K, 0% used [0x00000000d5c00000,0x00000000d5c00000,0x00000000d5d00000)
 ParOldGen       total 1121792K, used 970085K [0x0000000080000000, 0x00000000c4780000, 0x00000000d5580000)
  object space 1121792K, 86% used [0x0000000080000000,0x00000000bb3594c8,0x00000000c4780000)
 Metaspace       used 89371K, committed 91072K, reserved 1179648K
  class space    used 8484K, committed 9280K, reserved 1048576K
}
Event: 3865.844 GC heap after
{Heap after GC invocations=2038 (full 5):
 PSYoungGen      total 7680K, used 576K [0x00000000d5580000, 0x00000000d5e00000, 0x0000000100000000)
  eden space 6656K, 0% used [0x00000000d5580000,0x00000000d5580000,0x00000000d5c00000)
  from space 1024K, 56% used [0x00000000d5c00000,0x00000000d5c90000,0x00000000d5d00000)
  to   space 1024K, 0% used [0x00000000d5d00000,0x00000000d5d00000,0x00000000d5e00000)
 ParOldGen       total 1121792K, used 970713K [0x0000000080000000, 0x00000000c4780000, 0x00000000d5580000)
  object space 1121792K, 86% used [0x0000000080000000,0x00000000bb3f6518,0x00000000c4780000)
 Metaspace       used 89371K, committed 91072K, reserved 1179648K
  class space    used 8484K, committed 9280K, reserved 1048576K
}
Event: 3865.844 GC heap before
{Heap before GC invocations=2039 (full 6):
 PSYoungGen      total 7680K, used 576K [0x00000000d5580000, 0x00000000d5e00000, 0x0000000100000000)
  eden space 6656K, 0% used [0x00000000d5580000,0x00000000d5580000,0x00000000d5c00000)
  from space 1024K, 56% used [0x00000000d5c00000,0x00000000d5c90000,0x00000000d5d00000)
  to   space 1024K, 0% used [0x00000000d5d00000,0x00000000d5d00000,0x00000000d5e00000)
 ParOldGen       total 1121792K, used 970713K [0x0000000080000000, 0x00000000c4780000, 0x00000000d5580000)
  object space 1121792K, 86% used [0x0000000080000000,0x00000000bb3f6518,0x00000000c4780000)
 Metaspace       used 89371K, committed 91072K, reserved 1179648K
  class space    used 8484K, committed 9280K, reserved 1048576K
}
Event: 3866.075 GC heap after
{Heap after GC invocations=2039 (full 6):
 PSYoungGen      total 7680K, used 0K [0x00000000d5580000, 0x00000000d5e00000, 0x0000000100000000)
  eden space 6656K, 0% used [0x00000000d5580000,0x00000000d5580000,0x00000000d5c00000)
  from space 1024K, 0% used [0x00000000d5c00000,0x00000000d5c00000,0x00000000d5d00000)
  to   space 1024K, 0% used [0x00000000d5d00000,0x00000000d5d00000,0x00000000d5e00000)
 ParOldGen       total 1121792K, used 138123K [0x0000000080000000, 0x00000000c4780000, 0x00000000d5580000)
  object space 1121792K, 12% used [0x0000000080000000,0x00000000886e2e58,0x00000000c4780000)
 Metaspace       used 89114K, committed 91008K, reserved 1179648K
  class space    used 8462K, committed 9280K, reserved 1048576K
}
Event: 3866.118 GC heap before
{Heap before GC invocations=2040 (full 6):
 PSYoungGen      total 7680K, used 6656K [0x00000000d5580000, 0x00000000d5e00000, 0x0000000100000000)
  eden space 6656K, 100% used [0x00000000d5580000,0x00000000d5c00000,0x00000000d5c00000)
  from space 1024K, 0% used [0x00000000d5c00000,0x00000000d5c00000,0x00000000d5d00000)
  to   space 1024K, 0% used [0x00000000d5d00000,0x00000000d5d00000,0x00000000d5e00000)
 ParOldGen       total 1121792K, used 138123K [0x0000000080000000, 0x00000000c4780000, 0x00000000d5580000)
  object space 1121792K, 12% used [0x0000000080000000,0x00000000886e2e58,0x00000000c4780000)
 Metaspace       used 89118K, committed 91008K, reserved 1179648K
  class space    used 8462K, committed 9280K, reserved 1048576K
}
Event: 3866.121 GC heap after
{Heap after GC invocations=2040 (full 6):
 PSYoungGen      total 7168K, used 1012K [0x00000000d5580000, 0x00000000d5f00000, 0x0000000100000000)
  eden space 6144K, 0% used [0x00000000d5580000,0x00000000d5580000,0x00000000d5b80000)
  from space 1024K, 98% used [0x00000000d5d00000,0x00000000d5dfd200,0x00000000d5e00000)
  to   space 1536K, 0% used [0x00000000d5b80000,0x00000000d5b80000,0x00000000d5d00000)
 ParOldGen       total 1121792K, used 138209K [0x0000000080000000, 0x00000000c4780000, 0x00000000d5580000)
  object space 1121792K, 12% used [0x0000000080000000,0x00000000886f85d8,0x00000000c4780000)
 Metaspace       used 89118K, committed 91008K, reserved 1179648K
  class space    used 8462K, committed 9280K, reserved 1048576K
}
Event: 3866.147 GC heap before
{Heap before GC invocations=2041 (full 6):
 PSYoungGen      total 7168K, used 7156K [0x00000000d5580000, 0x00000000d5f00000, 0x0000000100000000)
  eden space 6144K, 100% used [0x00000000d5580000,0x00000000d5b80000,0x00000000d5b80000)
  from space 1024K, 98% used [0x00000000d5d00000,0x00000000d5dfd200,0x00000000d5e00000)
  to   space 1536K, 0% used [0x00000000d5b80000,0x00000000d5b80000,0x00000000d5d00000)
 ParOldGen       total 1121792K, used 138209K [0x0000000080000000, 0x00000000c4780000, 0x00000000d5580000)
  object space 1121792K, 12% used [0x0000000080000000,0x00000000886f85d8,0x00000000c4780000)
 Metaspace       used 89165K, committed 91008K, reserved 1179648K
  class space    used 8462K, committed 9280K, reserved 1048576K
}
Event: 3866.148 GC heap after
{Heap after GC invocations=2041 (full 6):
 PSYoungGen      total 7168K, used 608K [0x00000000d5580000, 0x00000000d5d80000, 0x0000000100000000)
  eden space 6144K, 0% used [0x00000000d5580000,0x00000000d5580000,0x00000000d5b80000)
  from space 1024K, 59% used [0x00000000d5b80000,0x00000000d5c18040,0x00000000d5c80000)
  to   space 1024K, 0% used [0x00000000d5c80000,0x00000000d5c80000,0x00000000d5d80000)
 ParOldGen       total 1121792K, used 139122K [0x0000000080000000, 0x00000000c4780000, 0x00000000d5580000)
  object space 1121792K, 12% used [0x0000000080000000,0x00000000887dc900,0x00000000c4780000)
 Metaspace       used 89165K, committed 91008K, reserved 1179648K
  class space    used 8462K, committed 9280K, reserved 1048576K
}
Event: 3866.173 GC heap before
{Heap before GC invocations=2042 (full 6):
 PSYoungGen      total 7168K, used 6752K [0x00000000d5580000, 0x00000000d5d80000, 0x0000000100000000)
  eden space 6144K, 100% used [0x00000000d5580000,0x00000000d5b80000,0x00000000d5b80000)
  from space 1024K, 59% used [0x00000000d5b80000,0x00000000d5c18040,0x00000000d5c80000)
  to   space 1024K, 0% used [0x00000000d5c80000,0x00000000d5c80000,0x00000000d5d80000)
 ParOldGen       total 1121792K, used 139122K [0x0000000080000000, 0x00000000c4780000, 0x00000000d5580000)
  object space 1121792K, 12% used [0x0000000080000000,0x00000000887dc900,0x00000000c4780000)
 Metaspace       used 89165K, committed 91008K, reserved 1179648K
  class space    used 8462K, committed 9280K, reserved 1048576K
}
Event: 3866.175 GC heap after
{Heap after GC invocations=2042 (full 6):
 PSYoungGen      total 7168K, used 916K [0x00000000d5580000, 0x00000000d5d80000, 0x0000000100000000)
  eden space 6144K, 0% used [0x00000000d5580000,0x00000000d5580000,0x00000000d5b80000)
  from space 1024K, 89% used [0x00000000d5c80000,0x00000000d5d65078,0x00000000d5d80000)
  to   space 1024K, 0% used [0x00000000d5b80000,0x00000000d5b80000,0x00000000d5c80000)
 ParOldGen       total 1121792K, used 139626K [0x0000000080000000, 0x00000000c4780000, 0x00000000d5580000)
  object space 1121792K, 12% used [0x0000000080000000,0x000000008885a940,0x00000000c4780000)
 Metaspace       used 89165K, committed 91008K, reserved 1179648K
  class space    used 8462K, committed 9280K, reserved 1048576K
}
Event: 3866.206 GC heap before
{Heap before GC invocations=2043 (full 6):
 PSYoungGen      total 7168K, used 7060K [0x00000000d5580000, 0x00000000d5d80000, 0x0000000100000000)
  eden space 6144K, 99% used [0x00000000d5580000,0x00000000d5b7fff8,0x00000000d5b80000)
  from space 1024K, 89% used [0x00000000d5c80000,0x00000000d5d65078,0x00000000d5d80000)
  to   space 1024K, 0% used [0x00000000d5b80000,0x00000000d5b80000,0x00000000d5c80000)
 ParOldGen       total 1121792K, used 139626K [0x0000000080000000, 0x00000000c4780000, 0x00000000d5580000)
  object space 1121792K, 12% used [0x0000000080000000,0x000000008885a940,0x00000000c4780000)
 Metaspace       used 89165K, committed 91008K, reserved 1179648K
  class space    used 8462K, committed 9280K, reserved 1048576K
}
Event: 3866.207 GC heap after
{Heap after GC invocations=2043 (full 6):
 PSYoungGen      total 7168K, used 784K [0x00000000d5580000, 0x00000000d5d80000, 0x0000000100000000)
  eden space 6144K, 0% used [0x00000000d5580000,0x00000000d5580000,0x00000000d5b80000)
  from space 1024K, 76% used [0x00000000d5b80000,0x00000000d5c44010,0x00000000d5c80000)
  to   space 1024K, 0% used [0x00000000d5c80000,0x00000000d5c80000,0x00000000d5d80000)
 ParOldGen       total 1121792K, used 140344K [0x0000000080000000, 0x00000000c4780000, 0x00000000d5580000)
  object space 1121792K, 12% used [0x0000000080000000,0x000000008890e308,0x00000000c4780000)
 Metaspace       used 89165K, committed 91008K, reserved 1179648K
  class space    used 8462K, committed 9280K, reserved 1048576K
}
Event: 3866.412 GC heap before
{Heap before GC invocations=2044 (full 6):
 PSYoungGen      total 7168K, used 6928K [0x00000000d5580000, 0x00000000d5d80000, 0x0000000100000000)
  eden space 6144K, 100% used [0x00000000d5580000,0x00000000d5b80000,0x00000000d5b80000)
  from space 1024K, 76% used [0x00000000d5b80000,0x00000000d5c44010,0x00000000d5c80000)
  to   space 1024K, 0% used [0x00000000d5c80000,0x00000000d5c80000,0x00000000d5d80000)
 ParOldGen       total 1121792K, used 140344K [0x0000000080000000, 0x00000000c4780000, 0x00000000d5580000)
  object space 1121792K, 12% used [0x0000000080000000,0x000000008890e308,0x00000000c4780000)
 Metaspace       used 89166K, committed 91008K, reserved 1179648K
  class space    used 8462K, committed 9280K, reserved 1048576K
}
Event: 3866.414 GC heap after
{Heap after GC invocations=2044 (full 6):
 PSYoungGen      total 7168K, used 912K [0x00000000d5580000, 0x00000000d5d80000, 0x0000000100000000)
  eden space 6144K, 0% used [0x00000000d5580000,0x00000000d5580000,0x00000000d5b80000)
  from space 1024K, 89% used [0x00000000d5c80000,0x00000000d5d64010,0x00000000d5d80000)
  to   space 1024K, 0% used [0x00000000d5b80000,0x00000000d5b80000,0x00000000d5c80000)
 ParOldGen       total 1121792K, used 140988K [0x0000000080000000, 0x00000000c4780000, 0x00000000d5580000)
  object space 1121792K, 12% used [0x0000000080000000,0x00000000889af338,0x00000000c4780000)
 Metaspace       used 89166K, committed 91008K, reserved 1179648K
  class space    used 8462K, committed 9280K, reserved 1048576K
}

Dll operation events (10 events):
Event: 0.035 Loaded shared library c:\Users\fatta\.vscode\extensions\redhat.java-1.42.0-win32-x64\jre\21.0.7-win32-x86_64\bin\java.dll
Event: 0.113 Loaded shared library c:\Users\fatta\.vscode\extensions\redhat.java-1.42.0-win32-x64\jre\21.0.7-win32-x86_64\bin\zip.dll
Event: 0.134 Loaded shared library C:\Users\fatta\.vscode\extensions\redhat.java-1.42.0-win32-x64\jre\21.0.7-win32-x86_64\bin\instrument.dll
Event: 0.138 Loaded shared library C:\Users\fatta\.vscode\extensions\redhat.java-1.42.0-win32-x64\jre\21.0.7-win32-x86_64\bin\net.dll
Event: 0.140 Loaded shared library C:\Users\fatta\.vscode\extensions\redhat.java-1.42.0-win32-x64\jre\21.0.7-win32-x86_64\bin\nio.dll
Event: 0.142 Loaded shared library C:\Users\fatta\.vscode\extensions\redhat.java-1.42.0-win32-x64\jre\21.0.7-win32-x86_64\bin\zip.dll
Event: 0.155 Loaded shared library C:\Users\fatta\.vscode\extensions\redhat.java-1.42.0-win32-x64\jre\21.0.7-win32-x86_64\bin\jimage.dll
Event: 0.215 Loaded shared library c:\Users\fatta\.vscode\extensions\redhat.java-1.42.0-win32-x64\jre\21.0.7-win32-x86_64\bin\verify.dll
Event: 12.906 Loaded shared library C:\Users\fatta\AppData\Roaming\Code\User\globalStorage\redhat.java\1.42.0\config_win\org.eclipse.equinox.launcher\org.eclipse.equinox.launcher.win32.win32.x86_64_1.2.1300.v20250331-1702\eclipse_11911.dll
Event: 22.503 Loaded shared library C:\Users\fatta\AppData\Local\Temp\jna-97204038\jna8215655008948484040.dll

Deoptimization events (20 events):
Event: 3865.792 Thread 0x0000023721fea6c0 Uncommon trap: trap_request=0xffffffc6 fr.pc=0x00000236bfd93144 relative=0x00000000000016a4
Event: 3865.792 Thread 0x0000023721fea6c0 Uncommon trap: reason=bimorphic_or_optimized_type_check action=maybe_recompile pc=0x00000236bfd93144 method=org.eclipse.jdt.internal.compiler.parser.Parser.consumeRule(I)V @ 6093 c2
Event: 3865.792 Thread 0x0000023721fea6c0 DEOPT PACKING pc=0x00000236bfd93144 sp=0x000000d454efe1c0
Event: 3865.792 Thread 0x0000023721fea6c0 DEOPT UNPACKING pc=0x00000236bd8b3aa2 sp=0x000000d454efe148 mode 2
Event: 3865.792 Thread 0x0000023721fea6c0 Uncommon trap: trap_request=0xffffffc6 fr.pc=0x00000236bfd92fc8 relative=0x0000000000001528
Event: 3865.792 Thread 0x0000023721fea6c0 Uncommon trap: reason=bimorphic_or_optimized_type_check action=maybe_recompile pc=0x00000236bfd92fc8 method=org.eclipse.jdt.internal.compiler.parser.Parser.consumeRule(I)V @ 6037 c2
Event: 3865.793 Thread 0x0000023721fea6c0 DEOPT PACKING pc=0x00000236bfd92fc8 sp=0x000000d454efe1c0
Event: 3865.793 Thread 0x0000023721fea6c0 DEOPT UNPACKING pc=0x00000236bd8b3aa2 sp=0x000000d454efe150 mode 2
Event: 3865.798 Thread 0x0000023721fea6c0 Uncommon trap: trap_request=0xffffffcc fr.pc=0x00000236bfda6510 relative=0x0000000000000bb0
Event: 3865.798 Thread 0x0000023721fea6c0 Uncommon trap: reason=intrinsic_or_type_checked_inlining action=make_not_entrant pc=0x00000236bfda6510 method=org.eclipse.jdt.internal.compiler.parser.Parser.consumeNormalAnnotation(Z)V @ 92 c2
Event: 3865.799 Thread 0x0000023721fea6c0 DEOPT PACKING pc=0x00000236bfda6510 sp=0x000000d454efdac0
Event: 3865.799 Thread 0x0000023721fea6c0 DEOPT UNPACKING pc=0x00000236bd8b3aa2 sp=0x000000d454efda60 mode 2
Event: 3866.107 Thread 0x0000023721fea6c0 Uncommon trap: trap_request=0xffffffc6 fr.pc=0x00000236bf51b2a8 relative=0x00000000000004e8
Event: 3866.107 Thread 0x0000023721fea6c0 Uncommon trap: reason=bimorphic_or_optimized_type_check action=maybe_recompile pc=0x00000236bf51b2a8 method=org.eclipse.jdt.internal.compiler.codegen.VerificationTypeInfo.merge(Lorg/eclipse/jdt/internal/compiler/codegen/VerificationTypeInfo;Lorg/eclipse/j
Event: 3866.107 Thread 0x0000023721fea6c0 DEOPT PACKING pc=0x00000236bf51b2a8 sp=0x000000d454efd830
Event: 3866.107 Thread 0x0000023721fea6c0 DEOPT UNPACKING pc=0x00000236bd8b3aa2 sp=0x000000d454efd780 mode 2
Event: 3866.108 Thread 0x0000023721fea6c0 Uncommon trap: trap_request=0xffffffc6 fr.pc=0x00000236bf51b2a8 relative=0x00000000000004e8
Event: 3866.108 Thread 0x0000023721fea6c0 Uncommon trap: reason=bimorphic_or_optimized_type_check action=maybe_recompile pc=0x00000236bf51b2a8 method=org.eclipse.jdt.internal.compiler.codegen.VerificationTypeInfo.merge(Lorg/eclipse/jdt/internal/compiler/codegen/VerificationTypeInfo;Lorg/eclipse/j
Event: 3866.108 Thread 0x0000023721fea6c0 DEOPT PACKING pc=0x00000236bf51b2a8 sp=0x000000d454efd830
Event: 3866.108 Thread 0x0000023721fea6c0 DEOPT UNPACKING pc=0x00000236bd8b3aa2 sp=0x000000d454efd780 mode 2

Classes loaded (20 events):
Event: 3681.017 Loading class jdk/internal/module/IllegalAccessLogger
Event: 3681.017 Loading class jdk/internal/module/IllegalAccessLogger done
Event: 3698.463 Loading class jdk/internal/module/IllegalAccessLogger
Event: 3698.463 Loading class jdk/internal/module/IllegalAccessLogger done
Event: 3698.727 Loading class jdk/internal/module/IllegalAccessLogger
Event: 3698.727 Loading class jdk/internal/module/IllegalAccessLogger done
Event: 3703.583 Loading class jdk/internal/module/IllegalAccessLogger
Event: 3703.583 Loading class jdk/internal/module/IllegalAccessLogger done
Event: 3739.757 Loading class jdk/internal/module/IllegalAccessLogger
Event: 3739.757 Loading class jdk/internal/module/IllegalAccessLogger done
Event: 3744.981 Loading class jdk/internal/module/IllegalAccessLogger
Event: 3744.981 Loading class jdk/internal/module/IllegalAccessLogger done
Event: 3763.402 Loading class jdk/internal/module/IllegalAccessLogger
Event: 3763.402 Loading class jdk/internal/module/IllegalAccessLogger done
Event: 3764.503 Loading class jdk/internal/module/IllegalAccessLogger
Event: 3764.503 Loading class jdk/internal/module/IllegalAccessLogger done
Event: 3807.923 Loading class jdk/internal/module/IllegalAccessLogger
Event: 3807.923 Loading class jdk/internal/module/IllegalAccessLogger done
Event: 3813.310 Loading class jdk/internal/module/IllegalAccessLogger
Event: 3813.310 Loading class jdk/internal/module/IllegalAccessLogger done

Classes unloaded (20 events):
Event: 3865.907 Thread 0x00000236b32de8b0 Unloading class 0x00000236cb80f858 'org/apache/maven/shared/filtering/MavenReaderFilterRequest'
Event: 3865.907 Thread 0x00000236b32de8b0 Unloading class 0x00000236cb80f550 'org/apache/maven/shared/filtering/MavenFileFilterRequest'
Event: 3865.907 Thread 0x00000236b32de8b0 Unloading class 0x00000236cb80f360 'org/codehaus/plexus/interpolation/Interpolator'
Event: 3865.907 Thread 0x00000236b32de8b0 Unloading class 0x00000236cb80f170 'org/codehaus/plexus/interpolation/BasicInterpolator'
Event: 3865.907 Thread 0x00000236b32de8b0 Unloading class 0x00000236cb80ef80 'org/codehaus/plexus/interpolation/ValueSource'
Event: 3865.907 Thread 0x00000236b32de8b0 Unloading class 0x00000236cb80ebc8 'org/apache/maven/shared/filtering/MavenResourcesExecution'
Event: 3865.907 Thread 0x00000236b32de8b0 Unloading class 0x00000236cb80e900 'org/apache/maven/shared/filtering/AbstractMavenFilteringRequest'
Event: 3865.907 Thread 0x00000236b32de8b0 Unloading class 0x00000236cb80e6b0 'org/apache/maven/shared/filtering/MavenFilteringException'
Event: 3865.907 Thread 0x00000236b32de8b0 Unloading class 0x00000236cb80e470 'org/apache/maven/shared/filtering/DefaultMavenResourcesFiltering'
Event: 3865.907 Thread 0x00000236b32de8b0 Unloading class 0x00000236cb80e280 'org/apache/maven/shared/filtering/MavenResourcesFiltering'
Event: 3865.907 Thread 0x00000236b32de8b0 Unloading class 0x00000236cb80e000 'org/apache/maven/shared/filtering/DefaultMavenReaderFilter'
Event: 3865.907 Thread 0x00000236b32de8b0 Unloading class 0x00000236cb0994d0 'org/apache/maven/shared/filtering/MavenReaderFilter'
Event: 3865.907 Thread 0x00000236b32de8b0 Unloading class 0x00000236cb099240 'org/apache/maven/shared/filtering/DefaultMavenFileFilter'
Event: 3865.907 Thread 0x00000236b32de8b0 Unloading class 0x00000236cb099000 'org/apache/maven/shared/filtering/BaseFilter'
Event: 3865.907 Thread 0x00000236b32de8b0 Unloading class 0x00000236cb0a1d78 'org/apache/maven/shared/filtering/MavenFileFilter'
Event: 3865.907 Thread 0x00000236b32de8b0 Unloading class 0x00000236cb16ae00 'org/apache/maven/shared/filtering/DefaultFilterInfo'
Event: 3865.907 Thread 0x00000236b32de8b0 Unloading class 0x00000236cb0a1a78 'org/apache/maven/plugins/resources/TestResourcesMojo'
Event: 3865.907 Thread 0x00000236b32de8b0 Unloading class 0x00000236cb0a1800 'org/apache/maven/plugins/maven_resources_plugin/HelpMojo'
Event: 3865.907 Thread 0x00000236b32de8b0 Unloading class 0x00000236cb16ab00 'org/apache/maven/plugins/resources/CopyResourcesMojo'
Event: 3865.907 Thread 0x00000236b32de8b0 Unloading class 0x00000236cb16a800 'org/apache/maven/plugins/resources/ResourcesMojo'

Classes redefined (0 events):
No events

Internal exceptions (20 events):
Event: 3720.431 Thread 0x0000023717020d90 Exception <a 'java/lang/ClassNotFoundException'{0x00000000d5a9c978}: sun/net/www/protocol/jdt/Handler> (0x00000000d5a9c978) 
thrown [s\src\hotspot\share\classfile\systemDictionary.cpp, line 312]
Event: 3739.622 Thread 0x0000023712662410 Exception <a 'sun/nio/fs/WindowsException'{0x00000000d5b24b40}> (0x00000000d5b24b40) 
thrown [s\src\hotspot\share\prims\jni.cpp, line 520]
Event: 3739.651 Thread 0x0000023712662410 Exception <a 'sun/nio/fs/WindowsException'{0x00000000d5633bb0}> (0x00000000d5633bb0) 
thrown [s\src\hotspot\share\prims\jni.cpp, line 520]
Event: 3741.162 Thread 0x0000023721fea6c0 Implicit null exception at 0x00000236be111349 to 0x00000236be113668
Event: 3741.162 Thread 0x0000023721fea6c0 Implicit null exception at 0x00000236bfa0d146 to 0x00000236bfa0f920
Event: 3741.162 Thread 0x0000023721fea6c0 Implicit null exception at 0x00000236bec8a515 to 0x00000236bec8cf60
Event: 3741.162 Thread 0x0000023721fea6c0 Implicit null exception at 0x00000236be925389 to 0x00000236be92558c
Event: 3741.340 Thread 0x0000023721fea6c0 Implicit null exception at 0x00000236bf9ac5d3 to 0x00000236bf9b0500
Event: 3744.893 Thread 0x0000023712662410 Exception <a 'sun/nio/fs/WindowsException'{0x00000000d58d8d18}> (0x00000000d58d8d18) 
thrown [s\src\hotspot\share\prims\jni.cpp, line 520]
Event: 3744.931 Thread 0x0000023712662410 Exception <a 'sun/nio/fs/WindowsException'{0x00000000d57209c0}> (0x00000000d57209c0) 
thrown [s\src\hotspot\share\prims\jni.cpp, line 520]
Event: 3748.376 Thread 0x0000023715488e30 Implicit null exception at 0x00000236bed7c42c to 0x00000236bed7ca54
Event: 3761.116 Thread 0x0000023721fea6c0 Implicit null exception at 0x00000236bfa9ea16 to 0x00000236bfa9ef90
Event: 3763.283 Thread 0x0000023712662410 Exception <a 'sun/nio/fs/WindowsException'{0x00000000d59271c0}> (0x00000000d59271c0) 
thrown [s\src\hotspot\share\prims\jni.cpp, line 520]
Event: 3763.315 Thread 0x0000023712662410 Exception <a 'sun/nio/fs/WindowsException'{0x00000000d5b40db8}> (0x00000000d5b40db8) 
thrown [s\src\hotspot\share\prims\jni.cpp, line 520]
Event: 3763.697 Thread 0x0000023721fea6c0 Implicit null exception at 0x00000236bf5823e7 to 0x00000236bf582704
Event: 3807.840 Thread 0x0000023712662410 Exception <a 'sun/nio/fs/WindowsException'{0x00000000d59b7130}> (0x00000000d59b7130) 
thrown [s\src\hotspot\share\prims\jni.cpp, line 520]
Event: 3807.873 Thread 0x0000023712662410 Exception <a 'sun/nio/fs/WindowsException'{0x00000000d5b3b298}> (0x00000000d5b3b298) 
thrown [s\src\hotspot\share\prims\jni.cpp, line 520]
Event: 3813.213 Thread 0x0000023712662410 Exception <a 'sun/nio/fs/WindowsException'{0x00000000d57a12f8}> (0x00000000d57a12f8) 
thrown [s\src\hotspot\share\prims\jni.cpp, line 520]
Event: 3813.242 Thread 0x0000023712662410 Exception <a 'sun/nio/fs/WindowsException'{0x00000000d59cb0d0}> (0x00000000d59cb0d0) 
thrown [s\src\hotspot\share\prims\jni.cpp, line 520]
Event: 3865.554 Thread 0x0000023714b646d0 Implicit null exception at 0x00000236be87afd8 to 0x00000236be87b148

ZGC Phase Switch (0 events):
No events

VM Operations (20 events):
Event: 3865.599 Executing VM operation: ParallelGCFailedAllocation (Allocation Failure)
Event: 3865.602 Executing VM operation: ParallelGCFailedAllocation (Allocation Failure) done
Event: 3865.724 Executing VM operation: ParallelGCFailedAllocation (Allocation Failure)
Event: 3865.728 Executing VM operation: ParallelGCFailedAllocation (Allocation Failure) done
Event: 3865.785 Executing VM operation: ParallelGCFailedAllocation (Allocation Failure)
Event: 3865.789 Executing VM operation: ParallelGCFailedAllocation (Allocation Failure) done
Event: 3865.813 Executing VM operation: ParallelGCFailedAllocation (Allocation Failure)
Event: 3865.834 Executing VM operation: ParallelGCFailedAllocation (Allocation Failure) done
Event: 3865.841 Executing VM operation: ParallelGCSystemGC (CodeCache GC Threshold)
Event: 3866.075 Executing VM operation: ParallelGCSystemGC (CodeCache GC Threshold) done
Event: 3866.115 Executing VM operation: ParallelGCFailedAllocation (Allocation Failure)
Event: 3866.121 Executing VM operation: ParallelGCFailedAllocation (Allocation Failure) done
Event: 3866.146 Executing VM operation: ParallelGCFailedAllocation (Allocation Failure)
Event: 3866.149 Executing VM operation: ParallelGCFailedAllocation (Allocation Failure) done
Event: 3866.173 Executing VM operation: ParallelGCFailedAllocation (Allocation Failure)
Event: 3866.175 Executing VM operation: ParallelGCFailedAllocation (Allocation Failure) done
Event: 3866.206 Executing VM operation: ParallelGCFailedAllocation (Allocation Failure)
Event: 3866.207 Executing VM operation: ParallelGCFailedAllocation (Allocation Failure) done
Event: 3866.412 Executing VM operation: ParallelGCFailedAllocation (Allocation Failure)
Event: 3866.414 Executing VM operation: ParallelGCFailedAllocation (Allocation Failure) done

Memory protections (0 events):
No events

Nmethod flushes (20 events):
Event: 3865.981 Thread 0x00000236b32de8b0 flushing osr nmethod 0x00000236b951c110
Event: 3865.981 Thread 0x00000236b32de8b0 flushing  nmethod 0x00000236b9521210
Event: 3865.981 Thread 0x00000236b32de8b0 flushing  nmethod 0x00000236b952cc90
Event: 3865.981 Thread 0x00000236b32de8b0 flushing  nmethod 0x00000236b9542110
Event: 3865.981 Thread 0x00000236b32de8b0 flushing  nmethod 0x00000236b9545810
Event: 3865.981 Thread 0x00000236b32de8b0 flushing  nmethod 0x00000236b955a990
Event: 3865.981 Thread 0x00000236b32de8b0 flushing  nmethod 0x00000236b95c8890
Event: 3865.981 Thread 0x00000236b32de8b0 flushing  nmethod 0x00000236b95d7e90
Event: 3865.981 Thread 0x00000236b32de8b0 flushing  nmethod 0x00000236b95da210
Event: 3865.981 Thread 0x00000236b32de8b0 flushing  nmethod 0x00000236b95dc010
Event: 3865.981 Thread 0x00000236b32de8b0 flushing  nmethod 0x00000236b95e0f10
Event: 3865.981 Thread 0x00000236b32de8b0 flushing  nmethod 0x00000236b95e2d90
Event: 3865.981 Thread 0x00000236b32de8b0 flushing  nmethod 0x00000236b95eeb90
Event: 3865.981 Thread 0x00000236b32de8b0 flushing  nmethod 0x00000236b95f3210
Event: 3865.981 Thread 0x00000236b32de8b0 flushing  nmethod 0x00000236b964f490
Event: 3865.981 Thread 0x00000236b32de8b0 flushing  nmethod 0x00000236b96a5a90
Event: 3865.981 Thread 0x00000236b32de8b0 flushing  nmethod 0x00000236b96ab710
Event: 3865.981 Thread 0x00000236b32de8b0 flushing  nmethod 0x00000236b96d0e90
Event: 3865.981 Thread 0x00000236b32de8b0 flushing  nmethod 0x00000236b96d5090
Event: 3865.981 Thread 0x00000236b32de8b0 flushing  nmethod 0x00000236b96e5210

Events (20 events):
Event: 3758.702 Thread 0x000002371414db80 Thread exited: 0x000002371414db80
Event: 3761.149 Thread 0x000002370c2d2840 Thread added: 0x00000237145221b0
Event: 3761.159 Thread 0x000002370c2d2840 Thread added: 0x000002371451ffa0
Event: 3761.995 Thread 0x000002371451ffa0 Thread exited: 0x000002371451ffa0
Event: 3761.995 Thread 0x00000237145221b0 Thread exited: 0x00000237145221b0
Event: 3763.338 Thread 0x000002370c2d2840 Thread added: 0x000002371451ffa0
Event: 3763.679 Thread 0x000002371451ffa0 Thread exited: 0x000002371451ffa0
Event: 3763.736 Thread 0x000002370c2d2840 Thread added: 0x000002371451ffa0
Event: 3763.757 Thread 0x000002371451ffa0 Thread added: 0x00000237145243c0
Event: 3763.848 Thread 0x000002370c2a0a70 Thread added: 0x0000023714524a90
Event: 3764.483 Thread 0x0000023714524a90 Thread exited: 0x0000023714524a90
Event: 3764.483 Thread 0x00000237145243c0 Thread exited: 0x00000237145243c0
Event: 3764.483 Thread 0x000002371451ffa0 Thread exited: 0x000002371451ffa0
Event: 3765.107 Thread 0x000002370c2a0a70 Thread added: 0x000002371451ffa0
Event: 3765.388 Thread 0x000002371451ffa0 Thread exited: 0x000002371451ffa0
Event: 3818.703 Thread 0x0000023714150970 Thread exited: 0x0000023714150970
Event: 3853.252 Thread 0x000002372348c700 Thread exited: 0x000002372348c700
Event: 3865.658 Thread 0x000002370c2d2840 Thread added: 0x000002371451ffa0
Event: 3866.077 Thread 0x000002371451ffa0 Thread exited: 0x000002371451ffa0
Event: 3866.155 Thread 0x000002370c2d2840 Thread added: 0x00000237145221b0


Dynamic libraries:
0x00007ff619490000 - 0x00007ff61949e000 	c:\Users\fatta\.vscode\extensions\redhat.java-1.42.0-win32-x64\jre\21.0.7-win32-x86_64\bin\java.exe
0x00007ff990520000 - 0x00007ff990786000 	C:\WINDOWS\SYSTEM32\ntdll.dll
0x00007ff98e860000 - 0x00007ff98e929000 	C:\WINDOWS\System32\KERNEL32.DLL
0x00007ff98d6b0000 - 0x00007ff98da7c000 	C:\WINDOWS\System32\KERNELBASE.dll
0x00007ff98dbf0000 - 0x00007ff98dd3b000 	C:\WINDOWS\System32\ucrtbase.dll
0x00007ff8fca80000 - 0x00007ff8fca98000 	c:\Users\fatta\.vscode\extensions\redhat.java-1.42.0-win32-x64\jre\21.0.7-win32-x86_64\bin\jli.dll
0x00007ff8fca60000 - 0x00007ff8fca7e000 	c:\Users\fatta\.vscode\extensions\redhat.java-1.42.0-win32-x64\jre\21.0.7-win32-x86_64\bin\VCRUNTIME140.dll
0x00007ff98f1e0000 - 0x00007ff98f3aa000 	C:\WINDOWS\System32\USER32.dll
0x00007ff96ede0000 - 0x00007ff96f07a000 	C:\WINDOWS\WinSxS\amd64_microsoft.windows.common-controls_6595b64144ccf1df_6.0.26100.3912_none_3e07963ce335137e\COMCTL32.dll
0x00007ff98e210000 - 0x00007ff98e237000 	C:\WINDOWS\System32\win32u.dll
0x00007ff98fe40000 - 0x00007ff98fee9000 	C:\WINDOWS\System32\msvcrt.dll
0x00007ff990400000 - 0x00007ff99042b000 	C:\WINDOWS\System32\GDI32.dll
0x00007ff98dd40000 - 0x00007ff98de72000 	C:\WINDOWS\System32\gdi32full.dll
0x00007ff98da80000 - 0x00007ff98db23000 	C:\WINDOWS\System32\msvcp_win.dll
0x00007ff98e670000 - 0x00007ff98e6a0000 	C:\WINDOWS\System32\IMM32.DLL
0x00007ff947b20000 - 0x00007ff947b2c000 	c:\Users\fatta\.vscode\extensions\redhat.java-1.42.0-win32-x64\jre\21.0.7-win32-x86_64\bin\vcruntime140_1.dll
0x00007ff8fc990000 - 0x00007ff8fca1d000 	c:\Users\fatta\.vscode\extensions\redhat.java-1.42.0-win32-x64\jre\21.0.7-win32-x86_64\bin\msvcp140.dll
0x00007ff8f8670000 - 0x00007ff8f9400000 	c:\Users\fatta\.vscode\extensions\redhat.java-1.42.0-win32-x64\jre\21.0.7-win32-x86_64\bin\server\jvm.dll
0x00007ff98fc80000 - 0x00007ff98fd32000 	C:\WINDOWS\System32\ADVAPI32.dll
0x00007ff98fae0000 - 0x00007ff98fb86000 	C:\WINDOWS\System32\sechost.dll
0x00007ff9902e0000 - 0x00007ff9903f6000 	C:\WINDOWS\System32\RPCRT4.dll
0x00007ff9901f0000 - 0x00007ff990264000 	C:\WINDOWS\System32\WS2_32.dll
0x00007ff98c2c0000 - 0x00007ff98c31e000 	C:\WINDOWS\SYSTEM32\POWRPROF.dll
0x00007ff982c30000 - 0x00007ff982c66000 	C:\WINDOWS\SYSTEM32\WINMM.dll
0x00007ff982730000 - 0x00007ff98273b000 	C:\WINDOWS\SYSTEM32\VERSION.dll
0x00007ff98c2a0000 - 0x00007ff98c2b4000 	C:\WINDOWS\SYSTEM32\UMPDC.dll
0x00007ff98c590000 - 0x00007ff98c5aa000 	C:\WINDOWS\SYSTEM32\kernel.appcore.dll
0x00007ff936e70000 - 0x00007ff936e7a000 	c:\Users\fatta\.vscode\extensions\redhat.java-1.42.0-win32-x64\jre\21.0.7-win32-x86_64\bin\jimage.dll
0x00007ff98abc0000 - 0x00007ff98ae01000 	C:\WINDOWS\SYSTEM32\DBGHELP.DLL
0x00007ff98e2e0000 - 0x00007ff98e664000 	C:\WINDOWS\System32\combase.dll
0x00007ff98fb90000 - 0x00007ff98fc70000 	C:\WINDOWS\System32\OLEAUT32.dll
0x00007ff96cb30000 - 0x00007ff96cb69000 	C:\WINDOWS\SYSTEM32\dbgcore.DLL
0x00007ff98e240000 - 0x00007ff98e2d9000 	C:\WINDOWS\System32\bcryptPrimitives.dll
0x00007ff936da0000 - 0x00007ff936daf000 	c:\Users\fatta\.vscode\extensions\redhat.java-1.42.0-win32-x64\jre\21.0.7-win32-x86_64\bin\instrument.dll
0x00007ff8fc970000 - 0x00007ff8fc98f000 	c:\Users\fatta\.vscode\extensions\redhat.java-1.42.0-win32-x64\jre\21.0.7-win32-x86_64\bin\java.dll
0x00007ff98f3b0000 - 0x00007ff98fadd000 	C:\WINDOWS\System32\SHELL32.dll
0x00007ff98e090000 - 0x00007ff98e204000 	C:\WINDOWS\System32\wintypes.dll
0x00007ff98b330000 - 0x00007ff98bb86000 	C:\WINDOWS\SYSTEM32\windows.storage.dll
0x00007ff98e6b0000 - 0x00007ff98e79f000 	C:\WINDOWS\System32\SHCORE.dll
0x00007ff98eb40000 - 0x00007ff98eba9000 	C:\WINDOWS\System32\shlwapi.dll
0x00007ff98d5c0000 - 0x00007ff98d5ef000 	C:\WINDOWS\SYSTEM32\profapi.dll
0x00007ff8fc950000 - 0x00007ff8fc968000 	c:\Users\fatta\.vscode\extensions\redhat.java-1.42.0-win32-x64\jre\21.0.7-win32-x86_64\bin\zip.dll
0x00007ff9363b0000 - 0x00007ff9363c0000 	C:\Users\fatta\.vscode\extensions\redhat.java-1.42.0-win32-x64\jre\21.0.7-win32-x86_64\bin\net.dll
0x00007ff982a40000 - 0x00007ff982b5e000 	C:\WINDOWS\SYSTEM32\WINHTTP.dll
0x00007ff98cb00000 - 0x00007ff98cb6a000 	C:\WINDOWS\system32\mswsock.dll
0x00007ff8fc930000 - 0x00007ff8fc946000 	C:\Users\fatta\.vscode\extensions\redhat.java-1.42.0-win32-x64\jre\21.0.7-win32-x86_64\bin\nio.dll
0x00007ff933e80000 - 0x00007ff933e90000 	c:\Users\fatta\.vscode\extensions\redhat.java-1.42.0-win32-x64\jre\21.0.7-win32-x86_64\bin\verify.dll
0x00007ff946510000 - 0x00007ff946555000 	C:\Users\fatta\AppData\Roaming\Code\User\globalStorage\redhat.java\1.42.0\config_win\org.eclipse.equinox.launcher\org.eclipse.equinox.launcher.win32.win32.x86_64_1.2.1300.v20250331-1702\eclipse_11911.dll
0x00007ff98fef0000 - 0x00007ff99008f000 	C:\WINDOWS\System32\ole32.dll
0x00007ff98cda0000 - 0x00007ff98cdbc000 	C:\WINDOWS\SYSTEM32\CRYPTSP.dll
0x00007ff98c4f0000 - 0x00007ff98c52a000 	C:\WINDOWS\system32\rsaenh.dll
0x00007ff98cba0000 - 0x00007ff98cbcb000 	C:\WINDOWS\SYSTEM32\USERENV.dll
0x00007ff98d590000 - 0x00007ff98d5b6000 	C:\WINDOWS\SYSTEM32\bcrypt.dll
0x00007ff98cdc0000 - 0x00007ff98cdcc000 	C:\WINDOWS\SYSTEM32\CRYPTBASE.dll
0x00007ff98bf40000 - 0x00007ff98bf73000 	C:\WINDOWS\SYSTEM32\IPHLPAPI.DLL
0x00007ff98f1b0000 - 0x00007ff98f1ba000 	C:\WINDOWS\System32\NSI.dll
0x00007ff8fc700000 - 0x00007ff8fc749000 	C:\Users\fatta\AppData\Local\Temp\jna-97204038\jna8215655008948484040.dll
0x00007ff990270000 - 0x00007ff990278000 	C:\WINDOWS\System32\PSAPI.DLL
0x00007ff982a00000 - 0x00007ff982a1f000 	C:\WINDOWS\SYSTEM32\dhcpcsvc6.DLL
0x00007ff982930000 - 0x00007ff982955000 	C:\WINDOWS\SYSTEM32\dhcpcsvc.DLL

dbghelp: loaded successfully - version: 4.0.5 - missing functions: none
symbol engine: initialized successfully - sym options: 0x614 - pdb path: .;c:\Users\fatta\.vscode\extensions\redhat.java-1.42.0-win32-x64\jre\21.0.7-win32-x86_64\bin;C:\WINDOWS\SYSTEM32;C:\WINDOWS\WinSxS\amd64_microsoft.windows.common-controls_6595b64144ccf1df_6.0.26100.3912_none_3e07963ce335137e;c:\Users\fatta\.vscode\extensions\redhat.java-1.42.0-win32-x64\jre\21.0.7-win32-x86_64\bin\server;C:\Users\fatta\AppData\Roaming\Code\User\globalStorage\redhat.java\1.42.0\config_win\org.eclipse.equinox.launcher\org.eclipse.equinox.launcher.win32.win32.x86_64_1.2.1300.v20250331-1702;C:\Users\fatta\AppData\Local\Temp\jna-97204038

VM Arguments:
jvm_args: --add-modules=ALL-SYSTEM --add-opens=java.base/java.util=ALL-UNNAMED --add-opens=java.base/java.lang=ALL-UNNAMED --add-opens=java.base/sun.nio.fs=ALL-UNNAMED -Declipse.application=org.eclipse.jdt.ls.core.id1 -Dosgi.bundles.defaultStartLevel=4 -Declipse.product=org.eclipse.jdt.ls.core.product -Djava.import.generatesMetadataFilesAtProjectRoot=false -DDetectVMInstallationsJob.disabled=true -Dfile.encoding=utf8 -XX:+UseParallelGC -XX:GCTimeRatio=4 -XX:AdaptiveSizePolicyWeight=90 -Dsun.zip.disableMemoryMapping=true -Xmx2G -Xms100m -Xlog:disable -javaagent:c:\Users\fatta\.vscode\extensions\redhat.java-1.42.0-win32-x64\lombok\lombok-1.18.36.jar -XX:+HeapDumpOnOutOfMemoryError -XX:HeapDumpPath=c:\Users\fatta\AppData\Roaming\Code\User\workspaceStorage\6e9fd867fd24e49a0e2b21e295788904\redhat.java -Daether.dependencyCollector.impl=bf 
java_command: c:\Users\fatta\.vscode\extensions\redhat.java-1.42.0-win32-x64\server\plugins\org.eclipse.equinox.launcher_1.7.0.v20250424-1814.jar -configuration c:\Users\fatta\AppData\Roaming\Code\User\globalStorage\redhat.java\1.42.0\config_win -data c:\Users\fatta\AppData\Roaming\Code\User\workspaceStorage\6e9fd867fd24e49a0e2b21e295788904\redhat.java\jdt_ws --pipe=\\.\pipe\lsp-03003fbe1390dc6f707c383c9008820c-sock
java_class_path (initial): c:\Users\fatta\.vscode\extensions\redhat.java-1.42.0-win32-x64\server\plugins\org.eclipse.equinox.launcher_1.7.0.v20250424-1814.jar
Launcher Type: SUN_STANDARD

[Global flags]
    uintx AdaptiveSizePolicyWeight                 = 90                                        {product} {command line}
     intx CICompilerCount                          = 12                                        {product} {ergonomic}
    uintx GCTimeRatio                              = 4                                         {product} {command line}
     bool HeapDumpOnOutOfMemoryError               = true                                   {manageable} {command line}
    ccstr HeapDumpPath                             = c:\Users\fatta\AppData\Roaming\Code\User\workspaceStorage\6e9fd867fd24e49a0e2b21e295788904\redhat.java         {manageable} {command line}
   size_t InitialHeapSize                          = 104857600                                 {product} {command line}
   size_t MaxHeapSize                              = 2147483648                                {product} {command line}
   size_t MaxNewSize                               = 715653120                                 {product} {ergonomic}
   size_t MinHeapDeltaBytes                        = 524288                                    {product} {ergonomic}
   size_t MinHeapSize                              = 104857600                                 {product} {command line}
   size_t NewSize                                  = 34603008                                  {product} {ergonomic}
    uintx NonNMethodCodeHeapSize                   = 7602480                                {pd product} {ergonomic}
    uintx NonProfiledCodeHeapSize                  = 122027880                              {pd product} {ergonomic}
   size_t OldSize                                  = 70254592                                  {product} {ergonomic}
    uintx ProfiledCodeHeapSize                     = 122027880                              {pd product} {ergonomic}
    uintx ReservedCodeCacheSize                    = 251658240                              {pd product} {ergonomic}
     bool SegmentedCodeCache                       = true                                      {product} {ergonomic}
   size_t SoftMaxHeapSize                          = 2147483648                             {manageable} {ergonomic}
     bool UseCompressedOops                        = true                           {product lp64_product} {ergonomic}
     bool UseLargePagesIndividualAllocation        = false                                  {pd product} {ergonomic}
     bool UseParallelGC                            = true                                      {product} {command line}

Logging:
Log output configuration:
 #0: stdout all=off uptime,level,tags foldmultilines=false
 #1: stderr all=off uptime,level,tags foldmultilines=false

Environment Variables:
JAVA_HOME=C:\Program Files\Java\jdk-17
PATH=C:\app\fatta\product\21c\dbhomeXE\bin;C:\Program Files\Java\jdk-17\bin;C:\Program Files\Java\jdk-17;C:\Program Files\Common Files\Oracle\Java\javapath;C:\Program Files (x86)\Common Files\Oracle\Java\java8path;C:\Program Files (x86)\Common Files\Oracle\Java\javapath;C:\Python312\Scripts\;C:\Python312\;C:\WINDOWS\system32;C:\WINDOWS;C:\WINDOWS\System32\Wbem;C:\WINDOWS\System32\WindowsPowerShell\v1.0\;C:\WINDOWS\System32\OpenSSH\;C:\Program Files\dotnet\;C:\ProgramData\chocolatey\bin;C:\Program Files\nodejs\;C:\Program Files (x86)\NVIDIA Corporation\PhysX\Common;C:\Program Files (x86)\xanpp\php;C:\Program Files\NVIDIA Corporation\NVIDIA app\NvDLISR;D:\Fattah\College APP\xampp\php;C:\ProgramData\ComposerSetup\bin;D:\Fattah\College APP\CoIDE_V2Beta\gcc\bin;D:\Fattah\College APP\CoIDE_V2Beta\bin;D:\Fattah\KULIAH\Semester 6\Praktikum Sistem Basis Data\Modul 4\ngrok-v3-stable-windows-amd64\ngrok-v3-stable-windows-amd64;C:\Program Files\Git\cmd;C:\Program Files (x86)\GNU Tools ARM Embedded\5.4 2016q3\bin;C:\Users\fatta\.console-ninja\.bin;C:\Users\fatta\AppData\Local\Microsoft\WindowsApps;C:\Users\fatta\AppData\Local\Muse Hub\lib;D:\Fattah\College APP\Microsoft VS Code\bin;C:\Users\fatta\AppData\Roaming\npm;C:\Users\fatta\AppData\Roaming\Local\Android\Sdk;C:\flutter\src\flutter\bin;C:\Users\fatta\AppData\Local\Android\Sdk;C:\Program Files\Java\jdk-23\bin;C:\Users\fatta\AppData\Local\Programs\mongosh\;C:\Users\fatta\AppData\Local\Microsoft\WindowsApps;C:\Users\fatta\.lmstudio\bin;C:\Users\fatta\AppData\Roaming\Composer\vendor\bin
USERNAME=fatta
OS=Windows_NT
PROCESSOR_IDENTIFIER=Intel64 Family 6 Model 183 Stepping 1, GenuineIntel
TMP=C:\Users\fatta\AppData\Local\Temp
TEMP=C:\Users\fatta\AppData\Local\Temp




Periodic native trim disabled

---------------  S Y S T E M  ---------------

OS:
 Windows 11 , 64 bit Build 26100 (10.0.26100.3912)
OS uptime: 0 days 1:09 hours
Hyper-V role detected

CPU: total 16 (initial active 16) (8 cores per cpu, 2 threads per core) family 6 model 183 stepping 1 microcode 0x125, cx8, cmov, fxsr, ht, mmx, 3dnowpref, sse, sse2, sse3, ssse3, sse4.1, sse4.2, popcnt, lzcnt, tsc, tscinvbit, avx, avx2, aes, erms, clmul, bmi1, bmi2, adx, sha, fma, vzeroupper, clflush, clflushopt, clwb, hv, serialize, rdtscp, rdpid, fsrm, f16c, cet_ibt, cet_ss
Processor Information for processor 0
  Max Mhz: 2400, Current Mhz: 1520, Mhz Limit: 2400
Processor Information for processor 1
  Max Mhz: 2400, Current Mhz: 1520, Mhz Limit: 2400
Processor Information for processor 2
  Max Mhz: 2400, Current Mhz: 1520, Mhz Limit: 2400
Processor Information for processor 3
  Max Mhz: 2400, Current Mhz: 2400, Mhz Limit: 2400
Processor Information for processor 4
  Max Mhz: 2400, Current Mhz: 1520, Mhz Limit: 2400
Processor Information for processor 5
  Max Mhz: 2400, Current Mhz: 2400, Mhz Limit: 2400
Processor Information for processor 6
  Max Mhz: 2400, Current Mhz: 2400, Mhz Limit: 2400
Processor Information for processor 7
  Max Mhz: 2400, Current Mhz: 2400, Mhz Limit: 2400
Processor Information for processor 8
  Max Mhz: 2400, Current Mhz: 2400, Mhz Limit: 2400
Processor Information for processor 9
  Max Mhz: 2400, Current Mhz: 2400, Mhz Limit: 2400
Processor Information for processor 10
  Max Mhz: 2400, Current Mhz: 2400, Mhz Limit: 2400
Processor Information for processor 11
  Max Mhz: 2400, Current Mhz: 2400, Mhz Limit: 2400
Processor Information for processor 12
  Max Mhz: 2400, Current Mhz: 2400, Mhz Limit: 2400
Processor Information for processor 13
  Max Mhz: 2400, Current Mhz: 1466, Mhz Limit: 2400
Processor Information for processor 14
  Max Mhz: 2400, Current Mhz: 2400, Mhz Limit: 2400
Processor Information for processor 15
  Max Mhz: 2400, Current Mhz: 1466, Mhz Limit: 2400

Memory: 4k page, system-wide physical 20187M (6242M free)
TotalPageFile size 20187M (AvailPageFile size 5M)
current process WorkingSet (physical memory assigned to process): 1494M, peak: 1534M
current process commit charge ("private bytes"): 1554M, peak: 1593M

vm_info: OpenJDK 64-Bit Server VM (21.0.7+6-LTS) for windows-amd64 JRE (21.0.7+6-LTS), built on 2025-04-15T00:00:00Z by "admin" with MS VC++ 17.7 (VS2022)

END.
